###############################################################################
#
# IAR ELF Linker V9.20.1.318/W64 for ARM                  07/Aug/2024  16:33:12
# Copyright 2007-2021 IAR Systems AB.
#
#    Output file  =  C:\pjt_not\AS6H_prj\EWARM\AS6H_prj\Exe\AS6H_prj.out
#    Map file     =  C:\pjt_not\AS6H_prj\EWARM\AS6H_prj\List\AS6H_prj.map
#    Command line =
#        -f C:\pjt_not\AS6H_prj\EWARM\AS6H_prj\Exe\AS6H_prj.out.rsp
#        (C:\pjt_not\AS6H_prj\EWARM\AS6H_prj\Obj\Application\User\Core\adc.o
#        C:\pjt_not\AS6H_prj\EWARM\AS6H_prj\Obj\Application\User\Core\bsp_can.o
#        C:\pjt_not\AS6H_prj\EWARM\AS6H_prj\Obj\Application\User\Core\can.o
#        C:\pjt_not\AS6H_prj\EWARM\AS6H_prj\Obj\Application\User\Core\debug.o
#        C:\pjt_not\AS6H_prj\EWARM\AS6H_prj\Obj\Application\User\Core\dma.o
#        C:\pjt_not\AS6H_prj\EWARM\AS6H_prj\Obj\Application\User\Core\gpio.o
#        C:\pjt_not\AS6H_prj\EWARM\AS6H_prj\Obj\Application\User\Core\hw_config.o
#        C:\pjt_not\AS6H_prj\EWARM\AS6H_prj\Obj\Application\User\Core\i2c.o
#        C:\pjt_not\AS6H_prj\EWARM\AS6H_prj\Obj\Application\User\Core\keyscan.o
#        C:\pjt_not\AS6H_prj\EWARM\AS6H_prj\Obj\Application\User\Core\main.o
#        C:\pjt_not\AS6H_prj\EWARM\AS6H_prj\Obj\Application\User\Core\motor.o
#        C:\pjt_not\AS6H_prj\EWARM\AS6H_prj\Obj\Application\EWARM\startup_stm32f103xe.o
#        C:\pjt_not\AS6H_prj\EWARM\AS6H_prj\Obj\Drivers\STM32F1xx_HAL_Driver\stm32f1xx_hal.o
#        C:\pjt_not\AS6H_prj\EWARM\AS6H_prj\Obj\Drivers\STM32F1xx_HAL_Driver\stm32f1xx_hal_adc.o
#        C:\pjt_not\AS6H_prj\EWARM\AS6H_prj\Obj\Drivers\STM32F1xx_HAL_Driver\stm32f1xx_hal_adc_ex.o
#        C:\pjt_not\AS6H_prj\EWARM\AS6H_prj\Obj\Drivers\STM32F1xx_HAL_Driver\stm32f1xx_hal_can.o
#        C:\pjt_not\AS6H_prj\EWARM\AS6H_prj\Obj\Drivers\STM32F1xx_HAL_Driver\stm32f1xx_hal_cortex.o
#        C:\pjt_not\AS6H_prj\EWARM\AS6H_prj\Obj\Drivers\STM32F1xx_HAL_Driver\stm32f1xx_hal_dma.o
#        C:\pjt_not\AS6H_prj\EWARM\AS6H_prj\Obj\Drivers\STM32F1xx_HAL_Driver\stm32f1xx_hal_exti.o
#        C:\pjt_not\AS6H_prj\EWARM\AS6H_prj\Obj\Drivers\STM32F1xx_HAL_Driver\stm32f1xx_hal_flash.o
#        C:\pjt_not\AS6H_prj\EWARM\AS6H_prj\Obj\Drivers\STM32F1xx_HAL_Driver\stm32f1xx_hal_flash_ex.o
#        C:\pjt_not\AS6H_prj\EWARM\AS6H_prj\Obj\Drivers\STM32F1xx_HAL_Driver\stm32f1xx_hal_gpio.o
#        C:\pjt_not\AS6H_prj\EWARM\AS6H_prj\Obj\Drivers\STM32F1xx_HAL_Driver\stm32f1xx_hal_gpio_ex.o
#        C:\pjt_not\AS6H_prj\EWARM\AS6H_prj\Obj\Drivers\STM32F1xx_HAL_Driver\stm32f1xx_hal_i2c.o
#        C:\pjt_not\AS6H_prj\EWARM\AS6H_prj\Obj\Application\User\Core\stm32f1xx_hal_msp.o
#        C:\pjt_not\AS6H_prj\EWARM\AS6H_prj\Obj\Drivers\STM32F1xx_HAL_Driver\stm32f1xx_hal_pwr.o
#        C:\pjt_not\AS6H_prj\EWARM\AS6H_prj\Obj\Drivers\STM32F1xx_HAL_Driver\stm32f1xx_hal_rcc.o
#        C:\pjt_not\AS6H_prj\EWARM\AS6H_prj\Obj\Drivers\STM32F1xx_HAL_Driver\stm32f1xx_hal_rcc_ex.o
#        C:\pjt_not\AS6H_prj\EWARM\AS6H_prj\Obj\Drivers\STM32F1xx_HAL_Driver\stm32f1xx_hal_tim.o
#        C:\pjt_not\AS6H_prj\EWARM\AS6H_prj\Obj\Drivers\STM32F1xx_HAL_Driver\stm32f1xx_hal_tim_ex.o
#        C:\pjt_not\AS6H_prj\EWARM\AS6H_prj\Obj\Drivers\STM32F1xx_HAL_Driver\stm32f1xx_hal_uart.o
#        C:\pjt_not\AS6H_prj\EWARM\AS6H_prj\Obj\Application\User\Core\stm32f1xx_it.o
#        C:\pjt_not\AS6H_prj\EWARM\AS6H_prj\Obj\Drivers\CMSIS\system_stm32f1xx.o
#        C:\pjt_not\AS6H_prj\EWARM\AS6H_prj\Obj\Application\User\Core\task.o
#        C:\pjt_not\AS6H_prj\EWARM\AS6H_prj\Obj\Application\User\Core\tim.o
#        C:\pjt_not\AS6H_prj\EWARM\AS6H_prj\Obj\Application\User\Core\usart.o
#        --no_out_extension -o
#        C:\pjt_not\AS6H_prj\EWARM\AS6H_prj\Exe\AS6H_prj.out --redirect
#        _Printf=_PrintfFullNoMb --redirect _Scanf=_ScanfFullNoMb --map
#        C:\pjt_not\AS6H_prj\EWARM\AS6H_prj\List\AS6H_prj.map --config
#        C:\pjt_not\AS6H_prj\EWARM/stm32f103xe_flash.icf --semihosting --entry
#        __iar_program_start --vfe --text_out locale)
#
###############################################################################

*******************************************************************************
*** RUNTIME MODEL ATTRIBUTES
***

CppFlavor       = *
__CPP_Runtime   = 1
__SystemLibrary = DLib
__dlib_version  = 6


*******************************************************************************
*** HEAP SELECTION
***

The basic heap was selected because no calls to memory allocation
functions were found in the application outside of system library
functions, and there are calls to deallocation functions in the
application.


*******************************************************************************
*** PLACEMENT SUMMARY
***

"A0":  place at address 0x800'0000 { ro section .intvec };
"P1":  place in [from 0x800'0000 to 0x807'ffff] { ro };
define block CSTACK with size = 1K, alignment = 8 { };
define block HEAP with size = 512, alignment = 8 { };
"P2":  place in [from 0x2000'0000 to 0x2000'ffff] {
          rw, block CSTACK, block HEAP };
initialize by copy { rw };

  Section            Kind         Address    Size  Object
  -------            ----         -------    ----  ------
"A0":                                       0x130
  .intvec            ro code   0x800'0000   0x130  startup_stm32f103xe.o [1]
                             - 0x800'0130   0x130

"P1":                                      0x3070
  .text              ro code   0x800'0130   0x534  stm32f1xx_hal_uart.o [4]
  .text              ro code   0x800'0664   0x1c0  usart.o [2]
  .text              ro code   0x800'0824   0x3ac  stm32f1xx_hal_dma.o [4]
  .text              ro code   0x800'0bd0     0x2  stm32f1xx_hal_uart.o [4]
  .text              ro code   0x800'0bd2     0x2  stm32f1xx_hal_uart.o [4]
  .text              ro code   0x800'0bd4     0x2  stm32f1xx_hal_uart.o [4]
  .text              ro code   0x800'0bd6     0x2  stm32f1xx_hal_uart.o [4]
  .text              ro code   0x800'0bd8   0x4be  stm32f1xx_hal_rcc.o [4]
  .text              ro code   0x800'1096    0x2a  copy_init3.o [6]
  .text              ro code   0x800'10c0    0xf4  main.o [2]
  .text              ro code   0x800'11b4    0x14  memset.o [6]
  .text              ro code   0x800'11c8   0x204  stm32f1xx_hal_gpio.o [4]
  .text              ro code   0x800'13cc    0xc4  stm32f1xx_hal_cortex.o [4]
  .text              ro code   0x800'1490     0xc  stm32f1xx_hal.o [4]
  .text              ro code   0x800'149c    0x40  stm32f1xx_hal.o [4]
  .text              ro code   0x800'14dc    0x24  stm32f1xx_hal.o [4]
  .text              ro code   0x800'1500   0x17c  gpio.o [2]
  .text              ro code   0x800'167c    0x30  dma.o [2]
  .text              ro code   0x800'16ac   0x190  adc.o [2]
  .text              ro code   0x800'183c    0xf8  can.o [2]
  .text              ro code   0x800'1934    0xb0  i2c.o [2]
  .text              ro code   0x800'19e4    0xa8  tim.o [2]
  .text              ro code   0x800'1a8c   0x3c8  stm32f1xx_hal_tim.o [4]
  .text              ro code   0x800'1e54    0xe4  bsp_can.o [2]
  .text              ro code   0x800'1f38    0x28  stm32f1xx_hal.o [4]
  .text              ro code   0x800'1f60    0x54  task.o [2]
  .text              ro code   0x800'1fb4    0xf8  keyscan.o [2]
  .text              ro code   0x800'20ac   0x164  motor.o [2]
  .text              ro code   0x800'2210     0x6  ABImemclr4.o [6]
  .text              ro code   0x800'2218    0xe8  stm32f1xx_hal_rcc_ex.o [4]
  .text              ro code   0x800'2300    0x66  ABImemset.o [6]
  .text              ro code   0x800'2368    0x44  stm32f1xx_hal_msp.o [2]
  .text              ro code   0x800'23ac   0x36c  stm32f1xx_hal_adc.o [4]
  .text              ro code   0x800'2718   0x4e2  stm32f1xx_hal_can.o [4]
  .text              ro code   0x800'2bfc   0x154  stm32f1xx_hal_i2c.o [4]
  .text              ro code   0x800'2d50    0x78  stm32f1xx_hal_tim_ex.o [4]
  .text              ro code   0x800'2dc8     0x2  stm32f1xx_hal_tim.o [4]
  .text              ro code   0x800'2dca     0x2  stm32f1xx_hal_tim.o [4]
  .text              ro code   0x800'2dcc     0x2  stm32f1xx_hal_tim.o [4]
  .text              ro code   0x800'2dce     0x2  stm32f1xx_hal_tim_ex.o [4]
  .text              ro code   0x800'2dd0     0x2  stm32f1xx_hal_tim.o [4]
  .text              ro code   0x800'2dd2     0x2  stm32f1xx_hal_tim_ex.o [4]
  .text              ro code   0x800'2dd4     0x2  stm32f1xx_hal_tim.o [4]
  .text              ro code   0x800'2dd8    0x32  ABImemset48.o [6]
  .text              ro code   0x800'2e0a     0x2  stm32f1xx_hal_adc.o [4]
  .text              ro code   0x800'2e0c     0x2  stm32f1xx_hal_adc_ex.o [4]
  .text              ro code   0x800'2e0e     0x2  stm32f1xx_hal_adc.o [4]
  .text              ro code   0x800'2e10     0x2  stm32f1xx_hal_can.o [4]
  .text              ro code   0x800'2e12     0x2  stm32f1xx_hal_can.o [4]
  .text              ro code   0x800'2e14     0x2  stm32f1xx_hal_can.o [4]
  .text              ro code   0x800'2e16     0x2  stm32f1xx_hal_can.o [4]
  .text              ro code   0x800'2e18     0x2  stm32f1xx_hal_can.o [4]
  .text              ro code   0x800'2e1a     0x2  stm32f1xx_hal_can.o [4]
  .text              ro code   0x800'2e1c     0x2  stm32f1xx_hal_can.o [4]
  .text              ro code   0x800'2e1e     0x2  stm32f1xx_hal_can.o [4]
  .text              ro code   0x800'2e20     0x2  stm32f1xx_hal_can.o [4]
  .text              ro code   0x800'2e22     0x2  stm32f1xx_hal_can.o [4]
  .text              ro code   0x800'2e24     0x2  stm32f1xx_hal_can.o [4]
  .text              ro code   0x800'2e26     0x2  stm32f1xx_hal_can.o [4]
  .text              ro code   0x800'2e28     0x2  stm32f1xx_hal_can.o [4]
  .text              ro code   0x800'2e2c   0x174  stm32f1xx_it.o [2]
  .text              ro code   0x800'2fa0    0x10  stm32f1xx_hal.o [4]
  .text              ro code   0x800'2fb0    0x38  zero_init3.o [6]
  .text              ro code   0x800'2fe8    0x28  data_init.o [6]
  .iar.init_table    const     0x800'3010    0x24  - Linker created -
  .text              ro code   0x800'3034    0x1e  cmain.o [6]
  .text              ro code   0x800'3052     0x4  low_level_init.o [5]
  .text              ro code   0x800'3056     0x4  exit.o [5]
  .text              ro code   0x800'305c     0xa  cexit.o [6]
  .text              ro code   0x800'3068    0x14  exit.o [7]
  .text              ro code   0x800'307c    0x1c  cstartup_M.o [6]
  .text              ro code   0x800'3098    0x14  system_stm32f1xx.o [3]
  Initializer bytes  const     0x800'30ac    0x14  <for P2-1>
  .text              ro code   0x800'30c0    0x10  startup_stm32f103xe.o [1]
  .rodata            const     0x800'30d0     0x8  system_stm32f1xx.o [3]
  .text              ro code   0x800'30d8     0x4  startup_stm32f103xe.o [1]
  .text              ro code   0x800'30dc     0x4  startup_stm32f103xe.o [1]
  .text              ro code   0x800'30e0     0x4  startup_stm32f103xe.o [1]
  .text              ro code   0x800'30e4     0x4  startup_stm32f103xe.o [1]
  .text              ro code   0x800'30e8     0x4  startup_stm32f103xe.o [1]
  .text              ro code   0x800'30ec     0x4  startup_stm32f103xe.o [1]
  .text              ro code   0x800'30f0     0x4  startup_stm32f103xe.o [1]
  .text              ro code   0x800'30f4     0x4  startup_stm32f103xe.o [1]
  .text              ro code   0x800'30f8     0x4  startup_stm32f103xe.o [1]
  .text              ro code   0x800'30fc     0x4  startup_stm32f103xe.o [1]
  .text              ro code   0x800'3100     0x4  startup_stm32f103xe.o [1]
  .text              ro code   0x800'3104     0x4  startup_stm32f103xe.o [1]
  .text              ro code   0x800'3108     0x4  startup_stm32f103xe.o [1]
  .text              ro code   0x800'310c     0x4  startup_stm32f103xe.o [1]
  .text              ro code   0x800'3110     0x4  startup_stm32f103xe.o [1]
  .text              ro code   0x800'3114     0x4  startup_stm32f103xe.o [1]
  .text              ro code   0x800'3118     0x4  startup_stm32f103xe.o [1]
  .text              ro code   0x800'311c     0x4  startup_stm32f103xe.o [1]
  .text              ro code   0x800'3120     0x4  startup_stm32f103xe.o [1]
  .text              ro code   0x800'3124     0x4  startup_stm32f103xe.o [1]
  .text              ro code   0x800'3128     0x4  startup_stm32f103xe.o [1]
  .text              ro code   0x800'312c     0x4  startup_stm32f103xe.o [1]
  .text              ro code   0x800'3130     0x4  startup_stm32f103xe.o [1]
  .text              ro code   0x800'3134     0x4  startup_stm32f103xe.o [1]
  .text              ro code   0x800'3138     0x4  startup_stm32f103xe.o [1]
  .text              ro code   0x800'313c     0x4  startup_stm32f103xe.o [1]
  .text              ro code   0x800'3140     0x4  startup_stm32f103xe.o [1]
  .text              ro code   0x800'3144     0x4  startup_stm32f103xe.o [1]
  .text              ro code   0x800'3148     0x4  startup_stm32f103xe.o [1]
  .text              ro code   0x800'314c     0x4  startup_stm32f103xe.o [1]
  .text              ro code   0x800'3150     0x4  startup_stm32f103xe.o [1]
  .text              ro code   0x800'3154     0x4  startup_stm32f103xe.o [1]
  .text              ro code   0x800'3158     0x4  startup_stm32f103xe.o [1]
  .text              ro code   0x800'315c     0x4  startup_stm32f103xe.o [1]
  .text              ro code   0x800'3160     0x4  startup_stm32f103xe.o [1]
  .text              ro code   0x800'3164     0x4  startup_stm32f103xe.o [1]
  .text              ro code   0x800'3168     0x4  startup_stm32f103xe.o [1]
  .text              ro code   0x800'316c     0x4  startup_stm32f103xe.o [1]
  .text              ro code   0x800'3170     0x4  startup_stm32f103xe.o [1]
  .text              ro code   0x800'3174     0x4  startup_stm32f103xe.o [1]
  .text              ro code   0x800'3178     0x4  startup_stm32f103xe.o [1]
  .text              ro code   0x800'317c     0x4  startup_stm32f103xe.o [1]
  .text              ro code   0x800'3180     0x4  startup_stm32f103xe.o [1]
  .text              ro code   0x800'3184     0x4  startup_stm32f103xe.o [1]
  .text              ro code   0x800'3188     0x4  startup_stm32f103xe.o [1]
  .text              ro code   0x800'318c     0x4  startup_stm32f103xe.o [1]
  .text              ro code   0x800'3190     0x4  startup_stm32f103xe.o [1]
  .text              ro code   0x800'3194     0x4  startup_stm32f103xe.o [1]
  .text              ro code   0x800'3198     0x4  startup_stm32f103xe.o [1]
  .text              ro code   0x800'319c     0x4  startup_stm32f103xe.o [1]
  .rodata            const     0x800'31a0     0x0  zero_init3.o [6]
  .rodata            const     0x800'31a0     0x0  copy_init3.o [6]
                             - 0x800'31a0  0x3070

"P2", part 1 of 3:                           0x14
  P2-1                        0x2000'0000    0x11  <Init block>
    .data            inited   0x2000'0000     0xc  stm32f1xx_hal.o [4]
    .data            inited   0x2000'000c     0x4  system_stm32f1xx.o [3]
    .data            inited   0x2000'0010     0x1  hw_config.o [2]
                            - 0x2000'0011    0x11

"P2", part 2 of 3:                          0x2a4
  .bss               zero     0x2000'0014    0x54  i2c.o [2]
  .bss               zero     0x2000'0068    0x48  tim.o [2]
  .bss               zero     0x2000'00b0    0x48  usart.o [2]
  .bss               zero     0x2000'00f8    0x48  usart.o [2]
  .bss               zero     0x2000'0140    0x48  usart.o [2]
  .bss               zero     0x2000'0188    0x44  adc.o [2]
  .bss               zero     0x2000'01cc    0x30  adc.o [2]
  .bss               zero     0x2000'01fc    0x30  bsp_can.o [2]
  .bss               zero     0x2000'022c    0x28  can.o [2]
  .bss               zero     0x2000'0254    0x1c  stm32f1xx_it.o [2]
  .bss               zero     0x2000'0270     0xc  hw_config.o [2]
  .bss               zero     0x2000'027c     0xc  hw_config.o [2]
  .bss               zero     0x2000'0288     0x8  task.o [2]
  .bss               zero     0x2000'0290     0x4  hw_config.o [2]
  .bss               zero     0x2000'0294     0x4  hw_config.o [2]
  .bss               zero     0x2000'0298     0x4  hw_config.o [2]
  .bss               zero     0x2000'029c     0x4  motor.o [2]
  .bss               zero     0x2000'02a0     0x4  task.o [2]
  .bss               zero     0x2000'02a4     0x2  hw_config.o [2]
  .bss               zero     0x2000'02a6     0x2  hw_config.o [2]
  .bss               zero     0x2000'02a8     0x2  hw_config.o [2]
  .bss               zero     0x2000'02aa     0x2  hw_config.o [2]
  .bss               zero     0x2000'02ac     0x2  hw_config.o [2]
  .bss               zero     0x2000'02ae     0x2  motor.o [2]
  .bss               zero     0x2000'02b0     0x1  hw_config.o [2]
  .bss               zero     0x2000'02b1     0x1  hw_config.o [2]
  .bss               zero     0x2000'02b2     0x1  hw_config.o [2]
  .bss               zero     0x2000'02b3     0x1  hw_config.o [2]
  .bss               zero     0x2000'02b4     0x1  hw_config.o [2]
  .bss               zero     0x2000'02b5     0x1  main.o [2]
  .bss               zero     0x2000'02b6     0x1  motor.o [2]
                            - 0x2000'02b7   0x2a3

"P2", part 3 of 3:                          0x400
  CSTACK                      0x2000'02b8   0x400  <Block>
    CSTACK           uninit   0x2000'02b8   0x400  <Block tail>
                            - 0x2000'06b8   0x400

Unused ranges:

         From           To      Size
         ----           --      ----
   0x800'31a0   0x807'ffff  0x7'ce60
  0x2000'06b8  0x2000'ffff    0xf948


*******************************************************************************
*** INIT TABLE
***

          Address      Size
          -------      ----
Zero (__iar_zero_init3)
    1 destination range, total size 0x2a3:
          0x2000'0014  0x2a3

Copy (__iar_copy_init3)
    1 source range, total size 0x14 (117% of destination):
           0x800'30ac   0x14
    1 destination range, total size 0x11:
          0x2000'0000   0x11



*******************************************************************************
*** MODULE SUMMARY
***

    Module                  ro code  ro data  rw data
    ------                  -------  -------  -------
command line/config:
    -------------------------------------------------
    Total:

C:\pjt_not\AS6H_prj\EWARM\AS6H_prj\Obj\Application\EWARM: [1]
    startup_stm32f103xe.o       520
    -------------------------------------------------
    Total:                      520

C:\pjt_not\AS6H_prj\EWARM\AS6H_prj\Obj\Application\User\Core: [2]
    adc.o                       400               116
    bsp_can.o                   228                48
    can.o                       248                40
    dma.o                        48
    gpio.o                      380
    hw_config.o                            1       52
    i2c.o                       176                84
    keyscan.o                   248
    main.o                      244                 1
    motor.o                     356                 7
    stm32f1xx_hal_msp.o          68
    stm32f1xx_it.o              372                28
    task.o                       84                12
    tim.o                       168                72
    usart.o                     448               216
    -------------------------------------------------
    Total:                    3'468        1      676

C:\pjt_not\AS6H_prj\EWARM\AS6H_prj\Obj\Drivers\CMSIS: [3]
    system_stm32f1xx.o           20       12        4
    -------------------------------------------------
    Total:                       20       12        4

C:\pjt_not\AS6H_prj\EWARM\AS6H_prj\Obj\Drivers\STM32F1xx_HAL_Driver: [4]
    stm32f1xx_hal.o             168       12       12
    stm32f1xx_hal_adc.o         880
    stm32f1xx_hal_adc_ex.o        2
    stm32f1xx_hal_can.o       1'276
    stm32f1xx_hal_cortex.o      196
    stm32f1xx_hal_dma.o         940
    stm32f1xx_hal_gpio.o        516
    stm32f1xx_hal_i2c.o         340
    stm32f1xx_hal_rcc.o       1'214
    stm32f1xx_hal_rcc_ex.o      232
    stm32f1xx_hal_tim.o         978
    stm32f1xx_hal_tim_ex.o      124
    stm32f1xx_hal_uart.o      1'340
    -------------------------------------------------
    Total:                    8'206       12       12

dl7M_tlf.a: [5]
    exit.o                        4
    low_level_init.o              4
    -------------------------------------------------
    Total:                        8

rt7M_tl.a: [6]
    ABImemclr4.o                  6
    ABImemset.o                 102
    ABImemset48.o                50
    cexit.o                      10
    cmain.o                      30
    copy_init3.o                 42
    cstartup_M.o                 28
    data_init.o                  40
    memset.o                     20
    zero_init3.o                 56
    -------------------------------------------------
    Total:                      384

shb_l.a: [7]
    exit.o                       20
    -------------------------------------------------
    Total:                       20

    Gaps                         14
    Linker created                        39    1'024
-----------------------------------------------------
    Grand Total:             12'640       64    1'716


*******************************************************************************
*** ENTRY LIST
***

Entry                       Address   Size  Type      Object
-----                       -------   ----  ----      ------
.iar.init_table$$Base    0x800'3010          --   Gb  - Linker created -
.iar.init_table$$Limit   0x800'3034          --   Gb  - Linker created -
?main                    0x800'3035         Code  Gb  cmain.o [6]
ADC1_2_IRQHandler        0x800'2e47    0x6  Code  Gb  stm32f1xx_it.o [2]
ADC_ConversionStop_Disable
                         0x800'26c9   0x48  Code  Gb  stm32f1xx_hal_adc.o [4]
AHBPrescTable            0x800'309c   0x10  Data  Gb  system_stm32f1xx.o [3]
APBPrescTable            0x800'30d0    0x8  Data  Gb  system_stm32f1xx.o [3]
BusFault_Handler         0x800'2e33    0x2  Code  Gb  stm32f1xx_it.o [2]
CAN1_RX1_IRQHandler      0x800'2ed1    0x2  Code  Gb  stm32f1xx_it.o [2]
CAN1_SCE_IRQHandler      0x800'2ed9    0x2  Code  Gb  stm32f1xx_it.o [2]
CAN_RxData              0x2000'0288    0x8  Data  Gb  task.o [2]
CSTACK$$Base            0x2000'02b8          --   Gb  - Linker created -
CSTACK$$Limit           0x2000'06b8          --   Gb  - Linker created -
DMA1_Channel1_IRQHandler
                         0x800'2e41    0x6  Code  Gb  stm32f1xx_it.o [2]
DM_Stop                  0x800'20c3   0x22  Code  Gb  motor.o [2]
DMotorSeq               0x2000'02b0    0x1  Data  Gb  hw_config.o [2]
DMotorWaitime           0x2000'02a8    0x2  Data  Gb  hw_config.o [2]
DRV_Control              0x800'20e5   0x46  Code  Gb  motor.o [2]
DRV_SPD                  0x800'21f8   0x18  Data  Gb  motor.o [2]
DRV_Speed               0x2000'0010    0x1  Data  Gb  hw_config.o [2]
DebugMon_Handler         0x800'2e39    0x2  Code  Gb  stm32f1xx_it.o [2]
Error_Handler            0x800'11b1    0x4  Code  Gb  main.o [2]
Event_500ms              0x800'1f8b   0x22  Code  Gb  task.o [2]
HAL_ADCEx_InjectedConvCpltCallback
                         0x800'2e0d    0x2  Code  Wk  stm32f1xx_hal_adc_ex.o [4]
HAL_ADC_ConfigChannel    0x800'25af   0xe6  Code  Gb  stm32f1xx_hal_adc.o [4]
HAL_ADC_IRQHandler       0x800'24c9   0xda  Code  Gb  stm32f1xx_hal_adc.o [4]
HAL_ADC_Init             0x800'23ad  0x110  Code  Gb  stm32f1xx_hal_adc.o [4]
HAL_ADC_MspInit          0x800'1769   0xb8  Code  Gb  adc.o [2]
HAL_CAN_AddTxMessage     0x800'283d   0xb8  Code  Gb  stm32f1xx_hal_can.o [4]
HAL_CAN_GetRxMessage     0x800'28fb   0xfc  Code  Gb  stm32f1xx_hal_can.o [4]
HAL_CAN_IRQHandler       0x800'2a01  0x1fa  Code  Gb  stm32f1xx_hal_can.o [4]
HAL_CAN_Init             0x800'2719   0xe6  Code  Gb  stm32f1xx_hal_can.o [4]
HAL_CAN_MspInit          0x800'1877   0xae  Code  Gb  can.o [2]
HAL_DMA_Abort            0x800'08a9   0x4a  Code  Gb  stm32f1xx_hal_dma.o [4]
HAL_DMA_Abort_IT         0x800'08f3   0xdc  Code  Gb  stm32f1xx_hal_dma.o [4]
HAL_DMA_IRQHandler       0x800'09cf  0x1be  Code  Gb  stm32f1xx_hal_dma.o [4]
HAL_DMA_Init             0x800'0825   0x84  Code  Gb  stm32f1xx_hal_dma.o [4]
HAL_Delay                0x800'1f39   0x28  Code  Wk  stm32f1xx_hal.o [4]
HAL_GPIO_Init            0x800'11c9  0x1b0  Code  Gb  stm32f1xx_hal_gpio.o [4]
HAL_GPIO_TogglePin       0x800'1381   0x10  Code  Gb  stm32f1xx_hal_gpio.o [4]
HAL_GPIO_WritePin        0x800'1379    0x8  Code  Gb  stm32f1xx_hal_gpio.o [4]
HAL_GetTick              0x800'1491    0xc  Code  Wk  stm32f1xx_hal.o [4]
HAL_I2C_Init             0x800'2bfd  0x12e  Code  Gb  stm32f1xx_hal_i2c.o [4]
HAL_I2C_MspInit          0x800'1965   0x66  Code  Gb  i2c.o [2]
HAL_IncTick              0x800'2fa1   0x10  Code  Wk  stm32f1xx_hal.o [4]
HAL_Init                 0x800'14dd   0x20  Code  Gb  stm32f1xx_hal.o [4]
HAL_InitTick             0x800'149d   0x40  Code  Wk  stm32f1xx_hal.o [4]
HAL_MspInit              0x800'2369   0x44  Code  Gb  stm32f1xx_hal_msp.o [2]
HAL_NVIC_EnableIRQ       0x800'143b   0x16  Code  Gb  stm32f1xx_hal_cortex.o [4]
HAL_NVIC_SetPriority     0x800'1401   0x3a  Code  Gb  stm32f1xx_hal_cortex.o [4]
HAL_NVIC_SetPriorityGrouping
                         0x800'13e7   0x1a  Code  Gb  stm32f1xx_hal_cortex.o [4]
HAL_RCCEx_PeriphCLKConfig
                         0x800'2219   0xda  Code  Gb  stm32f1xx_hal_rcc_ex.o [4]
HAL_RCC_ClockConfig      0x800'0eed   0xf4  Code  Gb  stm32f1xx_hal_rcc.o [4]
HAL_RCC_GetPCLK1Freq     0x800'102f   0x10  Code  Gb  stm32f1xx_hal_rcc.o [4]
HAL_RCC_GetPCLK2Freq     0x800'103f    0xe  Code  Gb  stm32f1xx_hal_rcc.o [4]
HAL_RCC_GetSysClockFreq
                         0x800'0ff5   0x3a  Code  Gb  stm32f1xx_hal_rcc.o [4]
HAL_RCC_GetSysClockFreq::aPLLMULFactorTable
                         0x800'1084   0x10  Data  Lc  stm32f1xx_hal_rcc.o [4]
HAL_RCC_GetSysClockFreq::aPredivFactorTable
                         0x800'1094    0x2  Data  Lc  stm32f1xx_hal_rcc.o [4]
HAL_RCC_OscConfig        0x800'0bd9  0x30c  Code  Gb  stm32f1xx_hal_rcc.o [4]
HAL_SYSTICK_Config       0x800'1451   0x28  Code  Gb  stm32f1xx_hal_cortex.o [4]
HAL_TIMEx_BreakCallback
                         0x800'2dcf    0x2  Code  Wk  stm32f1xx_hal_tim_ex.o [4]
HAL_TIMEx_CommutCallback
                         0x800'2dd3    0x2  Code  Wk  stm32f1xx_hal_tim_ex.o [4]
HAL_TIMEx_MasterConfigSynchronization
                         0x800'2d51   0x62  Code  Gb  stm32f1xx_hal_tim_ex.o [4]
HAL_TIM_Base_Init        0x800'1a8d   0x1a  Code  Gb  stm32f1xx_hal_tim.o [4]
HAL_TIM_Base_MspInit     0x800'1a4d   0x34  Code  Gb  tim.o [2]
HAL_TIM_Base_Start_IT    0x800'1aa7   0x66  Code  Gb  stm32f1xx_hal_tim.o [4]
HAL_TIM_ConfigClockSource
                         0x800'1c99   0xaa  Code  Gb  stm32f1xx_hal_tim.o [4]
HAL_TIM_IRQHandler       0x800'1b51  0x142  Code  Gb  stm32f1xx_hal_tim.o [4]
HAL_UART_IRQHandler      0x800'01cb  0x28e  Code  Gb  stm32f1xx_hal_uart.o [4]
HAL_UART_Init            0x800'0131   0x1e  Code  Gb  stm32f1xx_hal_uart.o [4]
HAL_UART_MspInit         0x800'06b9  0x120  Code  Gb  usart.o [2]
HardFault_Handler        0x800'2e2f    0x2  Code  Gb  stm32f1xx_it.o [2]
Key_IdentChk             0x800'207d   0x18  Code  Gb  keyscan.o [2]
LKAUTOSeq               0x2000'02b4    0x1  Data  Gb  hw_config.o [2]
LKEY_Check               0x800'1fb5   0x72  Code  Gb  keyscan.o [2]
Lkey_Action              0x800'2027   0x56  Code  Gb  keyscan.o [2]
Local_Key               0x2000'0270    0xc  Data  Gb  hw_config.o [2]
MX_ADC1_Init             0x800'16ad   0xb2  Code  Gb  adc.o [2]
MX_CAN_Init              0x800'183d   0x3a  Code  Gb  can.o [2]
MX_DMA_Init              0x800'167d   0x30  Code  Gb  dma.o [2]
MX_GPIO_Init             0x800'1501  0x134  Code  Gb  gpio.o [2]
MX_I2C1_Init             0x800'1935   0x30  Code  Gb  i2c.o [2]
MX_TIM3_Init             0x800'19e5   0x68  Code  Gb  tim.o [2]
MX_USART1_UART_Init      0x800'0665   0x10  Code  Gb  usart.o [2]
MX_USART2_UART_Init      0x800'0675   0x10  Code  Gb  usart.o [2]
MX_USART3_UART_Init      0x800'06a9   0x10  Code  Gb  usart.o [2]
MemManage_Handler        0x800'2e31    0x2  Code  Gb  stm32f1xx_it.o [2]
Motor_Control            0x800'21b1   0x1c  Code  Gb  motor.o [2]
NMI_Handler              0x800'2e2d    0x2  Code  Gb  stm32f1xx_it.o [2]
PendSV_Handler           0x800'2e3b    0x2  Code  Gb  stm32f1xx_it.o [2]
RFR_Key                 0x2000'027c    0xc  Data  Gb  hw_config.o [2]
RK_PermitTime           0x2000'02ac    0x2  Data  Gb  hw_config.o [2]
Received_canDLC         0x2000'02b3    0x1  Data  Gb  hw_config.o [2]
Received_canID          0x2000'0298    0x4  Data  Gb  hw_config.o [2]
Received_canIDType      0x2000'02b2    0x1  Data  Gb  hw_config.o [2]
Region$$Table$$Base      0x800'3010          --   Gb  - Linker created -
Region$$Table$$Limit     0x800'3034          --   Gb  - Linker created -
SM_Stop                  0x800'2147   0x20  Code  Gb  motor.o [2]
SMotorSeq               0x2000'02b1    0x1  Data  Gb  hw_config.o [2]
SMotorWaitime           0x2000'02aa    0x2  Data  Gb  hw_config.o [2]
STR_Control              0x800'2175   0x3c  Code  Gb  motor.o [2]
SVC_Handler              0x800'2e37    0x2  Code  Gb  stm32f1xx_it.o [2]
SysTick_Handler          0x800'2e3d    0x4  Code  Gb  stm32f1xx_it.o [2]
SystemClock_Config       0x800'1131   0x80  Code  Gb  main.o [2]
SystemCoreClock         0x2000'000c    0x4  Data  Gb  system_stm32f1xx.o [3]
SystemInit               0x800'3099    0x2  Code  Gb  system_stm32f1xx.o [3]
TIM3_IRQHandler          0x800'2edb   0x78  Code  Gb  stm32f1xx_it.o [2]
TIM_Base_SetConfig       0x800'1d5d   0x74  Code  Gb  stm32f1xx_hal_tim.o [4]
TIM_ETR_SetConfig        0x800'1e3b   0x14  Code  Gb  stm32f1xx_hal_tim.o [4]
TIM_ITRx_SetConfig       0x800'1e2b   0x10  Code  Lc  stm32f1xx_hal_tim.o [4]
TIM_TI1_ConfigInputStage
                         0x800'1de9   0x1e  Code  Lc  stm32f1xx_hal_tim.o [4]
TIM_TI2_ConfigInputStage
                         0x800'1e07   0x24  Code  Lc  stm32f1xx_hal_tim.o [4]
Timer_Event              0x800'1f61   0x2a  Code  Gb  task.o [2]
TxMailbox               0x2000'0210    0x4  Data  Gb  bsp_can.o [2]
TxMessage               0x2000'01fc   0x14  Data  Gb  bsp_can.o [2]
UART_DMAAbortOnError     0x800'0501    0xe  Code  Lc  stm32f1xx_hal_uart.o [4]
UART_EndRxTransfer       0x800'04c9   0x36  Code  Lc  stm32f1xx_hal_uart.o [4]
UART_Receive_IT          0x800'0511   0xb4  Code  Lc  stm32f1xx_hal_uart.o [4]
UART_SetConfig           0x800'05e1   0x78  Code  Lc  stm32f1xx_hal_uart.o [4]
USART1_IRQHandler        0x800'2f53    0x6  Code  Gb  stm32f1xx_it.o [2]
USART2_IRQHandler        0x800'2f59    0x6  Code  Gb  stm32f1xx_it.o [2]
USART3_IRQHandler        0x800'2f5f    0x6  Code  Gb  stm32f1xx_it.o [2]
USB_HP_CAN1_TX_IRQHandler
                         0x800'2e4d    0x2  Code  Gb  stm32f1xx_it.o [2]
USB_LP_CAN1_RX0_IRQHandler
                         0x800'2e4f   0x82  Code  Gb  stm32f1xx_it.o [2]
UsageFault_Handler       0x800'2e35    0x2  Code  Gb  stm32f1xx_it.o [2]
User_Interface           0x800'2095    0x2  Code  Gb  keyscan.o [2]
__NVIC_SetPriority       0x800'13cd   0x1a  Code  Lc  stm32f1xx_hal_cortex.o [4]
__aeabi_memclr4          0x800'2211         Code  Gb  ABImemclr4.o [6]
__aeabi_memset           0x800'2301         Code  Gb  ABImemset.o [6]
__cmain                  0x800'3035         Code  Gb  cmain.o [6]
__exit                   0x800'3069   0x14  Code  Gb  exit.o [7]
__iar_Memset             0x800'2301         Code  Gb  ABImemset.o [6]
__iar_Memset4_word       0x800'2dd9         Code  Gb  ABImemset48.o [6]
__iar_Memset8_word       0x800'2dd9         Code  Gb  ABImemset48.o [6]
__iar_Memset_word        0x800'2309         Code  Gb  ABImemset.o [6]
__iar_copy_init3         0x800'1097   0x2a  Code  Gb  copy_init3.o [6]
__iar_data_init3         0x800'2fe9   0x28  Code  Gb  data_init.o [6]
__iar_program_start      0x800'307d         Code  Gb  cstartup_M.o [6]
__iar_zero_init3         0x800'2fb1   0x38  Code  Gb  zero_init3.o [6]
__low_level_init         0x800'3053    0x4  Code  Gb  low_level_init.o [5]
__vector_table           0x800'0000         Data  Gb  startup_stm32f103xe.o [1]
_call_main               0x800'3041         Code  Gb  cmain.o [6]
_exit                    0x800'305d         Code  Gb  cexit.o [6]
can1_Trans8b             0x800'1e55   0xe4  Code  Gb  bsp_can.o [2]
exit                     0x800'3057    0x4  Code  Gb  exit.o [5]
hadc1                   0x2000'01cc   0x30  Data  Gb  adc.o [2]
hcan                    0x2000'022c   0x28  Data  Gb  can.o [2]
hdma_adc1               0x2000'0188   0x44  Data  Gb  adc.o [2]
hi2c1                   0x2000'0014   0x54  Data  Gb  i2c.o [2]
htim3                   0x2000'0068   0x48  Data  Gb  tim.o [2]
huart1                  0x2000'00b0   0x48  Data  Gb  usart.o [2]
huart2                  0x2000'00f8   0x48  Data  Gb  usart.o [2]
huart3                  0x2000'0140   0x48  Data  Gb  usart.o [2]
is_DriveKey              0x800'20ad   0x16  Code  Gb  motor.o [2]
is_StrringKey            0x800'212b   0x1c  Code  Gb  motor.o [2]
main                     0x800'10c1   0x66  Code  Gb  main.o [2]
memset                   0x800'11b5   0x14  Code  Gb  memset.o [6]
ms_cnt                  0x2000'02a0    0x4  Data  Gb  task.o [2]
rAutoMax_Speed          0x2000'02b6    0x1  Data  Gb  motor.o [2]
rDRV_DIR                0x2000'029c    0x1  Data  Gb  motor.o [2]
rxHeader                0x2000'0254   0x1c  Data  Gb  stm32f1xx_it.o [2]
temp                    0x2000'02b5    0x1  Data  Gb  main.o [2]
txHeader                0x2000'0214   0x18  Data  Gb  bsp_can.o [2]
u2SysStatusF            0x2000'0290    0x4  Data  Gb  hw_config.o [2]
uCommStatusFlag         0x2000'02a6    0x2  Data  Gb  hw_config.o [2]
uDRV_RPM                0x2000'029e    0x2  Data  Gb  motor.o [2]
uKeyStatusFlag          0x2000'0294    0x4  Data  Gb  hw_config.o [2]
uSTR_PWM                0x2000'02ae    0x2  Data  Gb  motor.o [2]
uTimerFlag              0x2000'02a4    0x2  Data  Gb  hw_config.o [2]
uwTick                  0x2000'0004    0x4  Data  Gb  stm32f1xx_hal.o [4]
uwTickFreq              0x2000'0000    0x1  Data  Gb  stm32f1xx_hal.o [4]
uwTickPrio              0x2000'0008    0x4  Data  Gb  stm32f1xx_hal.o [4]


[1] = C:\pjt_not\AS6H_prj\EWARM\AS6H_prj\Obj\Application\EWARM
[2] = C:\pjt_not\AS6H_prj\EWARM\AS6H_prj\Obj\Application\User\Core
[3] = C:\pjt_not\AS6H_prj\EWARM\AS6H_prj\Obj\Drivers\CMSIS
[4] = C:\pjt_not\AS6H_prj\EWARM\AS6H_prj\Obj\Drivers\STM32F1xx_HAL_Driver
[5] = dl7M_tlf.a
[6] = rt7M_tl.a
[7] = shb_l.a

  12'640 bytes of readonly  code memory
      64 bytes of readonly  data memory
   1'716 bytes of readwrite data memory

Errors: none
Warnings: none
