###############################################################################
#
# IAR ELF Linker V9.20.1.318/W64 for ARM                  20/Aug/2024  11:00:52
# Copyright 2007-2021 IAR Systems AB.
#
#    Output file  =  C:\pjt_not\AS6H_prj\EWARM\AS6H_prj\Exe\AS6H_prj.out
#    Map file     =  C:\pjt_not\AS6H_prj\EWARM\AS6H_prj\List\AS6H_prj.map
#    Command line =
#        -f C:\pjt_not\AS6H_prj\EWARM\AS6H_prj\Exe\AS6H_prj.out.rsp
#        (C:\pjt_not\AS6H_prj\EWARM\AS6H_prj\Obj\Application\User\Core\adc.o
#        C:\pjt_not\AS6H_prj\EWARM\AS6H_prj\Obj\Application\User\Core\bsp_adc.o
#        C:\pjt_not\AS6H_prj\EWARM\AS6H_prj\Obj\Application\User\Core\bsp_can.o
#        C:\pjt_not\AS6H_prj\EWARM\AS6H_prj\Obj\Application\User\Core\can.o
#        C:\pjt_not\AS6H_prj\EWARM\AS6H_prj\Obj\Application\User\Core\debug.o
#        C:\pjt_not\AS6H_prj\EWARM\AS6H_prj\Obj\Application\User\Core\dma.o
#        C:\pjt_not\AS6H_prj\EWARM\AS6H_prj\Obj\Application\User\Core\gpio.o
#        C:\pjt_not\AS6H_prj\EWARM\AS6H_prj\Obj\Application\User\Core\hw_config.o
#        C:\pjt_not\AS6H_prj\EWARM\AS6H_prj\Obj\Application\User\Core\i2c.o
#        C:\pjt_not\AS6H_prj\EWARM\AS6H_prj\Obj\Application\User\Core\keyscan.o
#        C:\pjt_not\AS6H_prj\EWARM\AS6H_prj\Obj\Application\User\Core\main.o
#        C:\pjt_not\AS6H_prj\EWARM\AS6H_prj\Obj\Application\User\Core\motor.o
#        C:\pjt_not\AS6H_prj\EWARM\AS6H_prj\Obj\Application\EWARM\startup_stm32f103xe.o
#        C:\pjt_not\AS6H_prj\EWARM\AS6H_prj\Obj\Drivers\STM32F1xx_HAL_Driver\stm32f1xx_hal.o
#        C:\pjt_not\AS6H_prj\EWARM\AS6H_prj\Obj\Drivers\STM32F1xx_HAL_Driver\stm32f1xx_hal_adc.o
#        C:\pjt_not\AS6H_prj\EWARM\AS6H_prj\Obj\Drivers\STM32F1xx_HAL_Driver\stm32f1xx_hal_adc_ex.o
#        C:\pjt_not\AS6H_prj\EWARM\AS6H_prj\Obj\Drivers\STM32F1xx_HAL_Driver\stm32f1xx_hal_can.o
#        C:\pjt_not\AS6H_prj\EWARM\AS6H_prj\Obj\Drivers\STM32F1xx_HAL_Driver\stm32f1xx_hal_cortex.o
#        C:\pjt_not\AS6H_prj\EWARM\AS6H_prj\Obj\Drivers\STM32F1xx_HAL_Driver\stm32f1xx_hal_dma.o
#        C:\pjt_not\AS6H_prj\EWARM\AS6H_prj\Obj\Drivers\STM32F1xx_HAL_Driver\stm32f1xx_hal_exti.o
#        C:\pjt_not\AS6H_prj\EWARM\AS6H_prj\Obj\Drivers\STM32F1xx_HAL_Driver\stm32f1xx_hal_flash.o
#        C:\pjt_not\AS6H_prj\EWARM\AS6H_prj\Obj\Drivers\STM32F1xx_HAL_Driver\stm32f1xx_hal_flash_ex.o
#        C:\pjt_not\AS6H_prj\EWARM\AS6H_prj\Obj\Drivers\STM32F1xx_HAL_Driver\stm32f1xx_hal_gpio.o
#        C:\pjt_not\AS6H_prj\EWARM\AS6H_prj\Obj\Drivers\STM32F1xx_HAL_Driver\stm32f1xx_hal_gpio_ex.o
#        C:\pjt_not\AS6H_prj\EWARM\AS6H_prj\Obj\Drivers\STM32F1xx_HAL_Driver\stm32f1xx_hal_i2c.o
#        C:\pjt_not\AS6H_prj\EWARM\AS6H_prj\Obj\Application\User\Core\stm32f1xx_hal_msp.o
#        C:\pjt_not\AS6H_prj\EWARM\AS6H_prj\Obj\Drivers\STM32F1xx_HAL_Driver\stm32f1xx_hal_pwr.o
#        C:\pjt_not\AS6H_prj\EWARM\AS6H_prj\Obj\Drivers\STM32F1xx_HAL_Driver\stm32f1xx_hal_rcc.o
#        C:\pjt_not\AS6H_prj\EWARM\AS6H_prj\Obj\Drivers\STM32F1xx_HAL_Driver\stm32f1xx_hal_rcc_ex.o
#        C:\pjt_not\AS6H_prj\EWARM\AS6H_prj\Obj\Drivers\STM32F1xx_HAL_Driver\stm32f1xx_hal_tim.o
#        C:\pjt_not\AS6H_prj\EWARM\AS6H_prj\Obj\Drivers\STM32F1xx_HAL_Driver\stm32f1xx_hal_tim_ex.o
#        C:\pjt_not\AS6H_prj\EWARM\AS6H_prj\Obj\Drivers\STM32F1xx_HAL_Driver\stm32f1xx_hal_uart.o
#        C:\pjt_not\AS6H_prj\EWARM\AS6H_prj\Obj\Application\User\Core\stm32f1xx_it.o
#        C:\pjt_not\AS6H_prj\EWARM\AS6H_prj\Obj\Drivers\CMSIS\system_stm32f1xx.o
#        C:\pjt_not\AS6H_prj\EWARM\AS6H_prj\Obj\Application\User\Core\task.o
#        C:\pjt_not\AS6H_prj\EWARM\AS6H_prj\Obj\Application\User\Core\tim.o
#        C:\pjt_not\AS6H_prj\EWARM\AS6H_prj\Obj\Application\User\Core\usart.o
#        --no_out_extension -o
#        C:\pjt_not\AS6H_prj\EWARM\AS6H_prj\Exe\AS6H_prj.out --redirect
#        _Printf=_PrintfFullNoMb --redirect _Scanf=_ScanfFullNoMb --map
#        C:\pjt_not\AS6H_prj\EWARM\AS6H_prj\List\AS6H_prj.map --config
#        C:\pjt_not\AS6H_prj\EWARM/stm32f103xe_flash.icf --semihosting --entry
#        __iar_program_start --vfe --text_out locale)
#
###############################################################################

*******************************************************************************
*** RUNTIME MODEL ATTRIBUTES
***

CppFlavor       = *
__CPP_Runtime   = 1
__SystemLibrary = DLib
__dlib_version  = 6


*******************************************************************************
*** HEAP SELECTION
***

The basic heap was selected because no calls to memory allocation
functions were found in the application outside of system library
functions, and there are calls to deallocation functions in the
application.


*******************************************************************************
*** PLACEMENT SUMMARY
***

"A0":  place at address 0x800'0000 { ro section .intvec };
"P1":  place in [from 0x800'0000 to 0x807'ffff] { ro };
define block CSTACK with size = 1K, alignment = 8 { };
define block HEAP with size = 512, alignment = 8 { };
"P2":  place in [from 0x2000'0000 to 0x2000'ffff] {
          rw, block CSTACK, block HEAP };
initialize by copy { rw };

  Section            Kind         Address    Size  Object
  -------            ----         -------    ----  ------
"A0":                                       0x130
  .intvec            ro code   0x800'0000   0x130  startup_stm32f103xe.o [1]
                             - 0x800'0130   0x130

"P1":                                      0x33c8
  .text              ro code   0x800'0130   0x620  stm32f1xx_hal_can.o [4]
  .text              ro code   0x800'0750    0xf8  can.o [2]
  .text              ro code   0x800'0848     0xc  stm32f1xx_hal.o [4]
  .text              ro code   0x800'0854     0x2  stm32f1xx_hal_can.o [4]
  .text              ro code   0x800'0856     0x2  stm32f1xx_hal_can.o [4]
  .text              ro code   0x800'0858     0x2  stm32f1xx_hal_can.o [4]
  .text              ro code   0x800'085a     0x2  stm32f1xx_hal_can.o [4]
  .text              ro code   0x800'085c     0x2  stm32f1xx_hal_can.o [4]
  .text              ro code   0x800'085e     0x2  stm32f1xx_hal_can.o [4]
  .text              ro code   0x800'0860     0x2  stm32f1xx_hal_can.o [4]
  .text              ro code   0x800'0862     0x2  stm32f1xx_hal_can.o [4]
  .text              ro code   0x800'0864     0x2  stm32f1xx_hal_can.o [4]
  .text              ro code   0x800'0866     0x2  stm32f1xx_hal_can.o [4]
  .text              ro code   0x800'0868     0x2  stm32f1xx_hal_can.o [4]
  .text              ro code   0x800'086a     0x2  stm32f1xx_hal_can.o [4]
  .text              ro code   0x800'086c     0x2  stm32f1xx_hal_can.o [4]
  .text              ro code   0x800'086e    0x2a  copy_init3.o [6]
  .text              ro code   0x800'0898    0xd0  main.o [2]
  .text              ro code   0x800'0968    0x14  memset.o [6]
  .text              ro code   0x800'097c   0x204  stm32f1xx_hal_gpio.o [4]
  .text              ro code   0x800'0b80    0xc4  stm32f1xx_hal_cortex.o [4]
  .text              ro code   0x800'0c44    0x24  stm32f1xx_hal.o [4]
  .text              ro code   0x800'0c68   0x17c  gpio.o [2]
  .text              ro code   0x800'0de4    0x30  dma.o [2]
  .text              ro code   0x800'0e14   0x1c0  usart.o [2]
  .text              ro code   0x800'0fd4    0xb0  i2c.o [2]
  .text              ro code   0x800'1084    0xa8  tim.o [2]
  .text              ro code   0x800'112c   0x124  adc.o [2]
  .text              ro code   0x800'1250   0x148  bsp_can.o [2]
  .text              ro code   0x800'1398   0x3c8  stm32f1xx_hal_tim.o [4]
  .text              ro code   0x800'1760    0xc0  task.o [2]
  .text              ro code   0x800'1820   0x270  keyscan.o [2]
  .text              ro code   0x800'1a90   0x16c  motor.o [2]
  .text              ro code   0x800'1bfc     0x6  ABImemclr4.o [6]
  .text              ro code   0x800'1c04   0x4be  stm32f1xx_hal_rcc.o [4]
  .text              ro code   0x800'20c4    0xe8  stm32f1xx_hal_rcc_ex.o [4]
  .text              ro code   0x800'21ac    0x66  ABImemset.o [6]
  .text              ro code   0x800'2214    0x40  stm32f1xx_hal.o [4]
  .text              ro code   0x800'2254    0x44  stm32f1xx_hal_msp.o [2]
  .text              ro code   0x800'2298   0x534  stm32f1xx_hal_uart.o [4]
  .text              ro code   0x800'27cc   0x154  stm32f1xx_hal_i2c.o [4]
  .text              ro code   0x800'2920    0x78  stm32f1xx_hal_tim_ex.o [4]
  .text              ro code   0x800'2998   0x36c  stm32f1xx_hal_adc.o [4]
  .text              ro code   0x800'2d04   0x3ac  stm32f1xx_hal_dma.o [4]
  .text              ro code   0x800'30b0     0x2  stm32f1xx_hal_tim.o [4]
  .text              ro code   0x800'30b2     0x2  stm32f1xx_hal_tim.o [4]
  .text              ro code   0x800'30b4     0x2  stm32f1xx_hal_tim.o [4]
  .text              ro code   0x800'30b6     0x2  stm32f1xx_hal_tim_ex.o [4]
  .text              ro code   0x800'30b8     0x2  stm32f1xx_hal_tim.o [4]
  .text              ro code   0x800'30ba     0x2  stm32f1xx_hal_tim_ex.o [4]
  .text              ro code   0x800'30bc     0x2  stm32f1xx_hal_tim.o [4]
  .text              ro code   0x800'30c0    0x32  ABImemset48.o [6]
  .text              ro code   0x800'30f2     0x2  stm32f1xx_hal_uart.o [4]
  .text              ro code   0x800'30f4     0x2  stm32f1xx_hal_uart.o [4]
  .text              ro code   0x800'30f6     0x2  stm32f1xx_hal_uart.o [4]
  .text              ro code   0x800'30f8     0x2  stm32f1xx_hal_uart.o [4]
  .text              ro code   0x800'30fa     0x2  stm32f1xx_hal_adc.o [4]
  .text              ro code   0x800'30fc     0x2  stm32f1xx_hal_adc_ex.o [4]
  .text              ro code   0x800'30fe     0x2  stm32f1xx_hal_adc.o [4]
  .text              ro code   0x800'3100   0x1f8  stm32f1xx_it.o [2]
  .text              ro code   0x800'32f8    0x10  stm32f1xx_hal.o [4]
  .text              ro code   0x800'3308    0x38  zero_init3.o [6]
  .text              ro code   0x800'3340    0x28  data_init.o [6]
  .iar.init_table    const     0x800'3368    0x24  - Linker created -
  .text              ro code   0x800'338c    0x1e  cmain.o [6]
  .text              ro code   0x800'33aa     0x4  low_level_init.o [5]
  .text              ro code   0x800'33ae     0x4  exit.o [5]
  .text              ro code   0x800'33b4     0xa  cexit.o [6]
  .text              ro code   0x800'33c0    0x14  exit.o [7]
  .text              ro code   0x800'33d4    0x1c  cstartup_M.o [6]
  .text              ro code   0x800'33f0    0x14  system_stm32f1xx.o [3]
  Initializer bytes  const     0x800'3404    0x14  <for P2-1>
  .text              ro code   0x800'3418    0x10  startup_stm32f103xe.o [1]
  .rodata            const     0x800'3428     0x8  system_stm32f1xx.o [3]
  .text              ro code   0x800'3430     0x4  startup_stm32f103xe.o [1]
  .text              ro code   0x800'3434     0x4  startup_stm32f103xe.o [1]
  .text              ro code   0x800'3438     0x4  startup_stm32f103xe.o [1]
  .text              ro code   0x800'343c     0x4  startup_stm32f103xe.o [1]
  .text              ro code   0x800'3440     0x4  startup_stm32f103xe.o [1]
  .text              ro code   0x800'3444     0x4  startup_stm32f103xe.o [1]
  .text              ro code   0x800'3448     0x4  startup_stm32f103xe.o [1]
  .text              ro code   0x800'344c     0x4  startup_stm32f103xe.o [1]
  .text              ro code   0x800'3450     0x4  startup_stm32f103xe.o [1]
  .text              ro code   0x800'3454     0x4  startup_stm32f103xe.o [1]
  .text              ro code   0x800'3458     0x4  startup_stm32f103xe.o [1]
  .text              ro code   0x800'345c     0x4  startup_stm32f103xe.o [1]
  .text              ro code   0x800'3460     0x4  startup_stm32f103xe.o [1]
  .text              ro code   0x800'3464     0x4  startup_stm32f103xe.o [1]
  .text              ro code   0x800'3468     0x4  startup_stm32f103xe.o [1]
  .text              ro code   0x800'346c     0x4  startup_stm32f103xe.o [1]
  .text              ro code   0x800'3470     0x4  startup_stm32f103xe.o [1]
  .text              ro code   0x800'3474     0x4  startup_stm32f103xe.o [1]
  .text              ro code   0x800'3478     0x4  startup_stm32f103xe.o [1]
  .text              ro code   0x800'347c     0x4  startup_stm32f103xe.o [1]
  .text              ro code   0x800'3480     0x4  startup_stm32f103xe.o [1]
  .text              ro code   0x800'3484     0x4  startup_stm32f103xe.o [1]
  .text              ro code   0x800'3488     0x4  startup_stm32f103xe.o [1]
  .text              ro code   0x800'348c     0x4  startup_stm32f103xe.o [1]
  .text              ro code   0x800'3490     0x4  startup_stm32f103xe.o [1]
  .text              ro code   0x800'3494     0x4  startup_stm32f103xe.o [1]
  .text              ro code   0x800'3498     0x4  startup_stm32f103xe.o [1]
  .text              ro code   0x800'349c     0x4  startup_stm32f103xe.o [1]
  .text              ro code   0x800'34a0     0x4  startup_stm32f103xe.o [1]
  .text              ro code   0x800'34a4     0x4  startup_stm32f103xe.o [1]
  .text              ro code   0x800'34a8     0x4  startup_stm32f103xe.o [1]
  .text              ro code   0x800'34ac     0x4  startup_stm32f103xe.o [1]
  .text              ro code   0x800'34b0     0x4  startup_stm32f103xe.o [1]
  .text              ro code   0x800'34b4     0x4  startup_stm32f103xe.o [1]
  .text              ro code   0x800'34b8     0x4  startup_stm32f103xe.o [1]
  .text              ro code   0x800'34bc     0x4  startup_stm32f103xe.o [1]
  .text              ro code   0x800'34c0     0x4  startup_stm32f103xe.o [1]
  .text              ro code   0x800'34c4     0x4  startup_stm32f103xe.o [1]
  .text              ro code   0x800'34c8     0x4  startup_stm32f103xe.o [1]
  .text              ro code   0x800'34cc     0x4  startup_stm32f103xe.o [1]
  .text              ro code   0x800'34d0     0x4  startup_stm32f103xe.o [1]
  .text              ro code   0x800'34d4     0x4  startup_stm32f103xe.o [1]
  .text              ro code   0x800'34d8     0x4  startup_stm32f103xe.o [1]
  .text              ro code   0x800'34dc     0x4  startup_stm32f103xe.o [1]
  .text              ro code   0x800'34e0     0x4  startup_stm32f103xe.o [1]
  .text              ro code   0x800'34e4     0x4  startup_stm32f103xe.o [1]
  .text              ro code   0x800'34e8     0x4  startup_stm32f103xe.o [1]
  .text              ro code   0x800'34ec     0x4  startup_stm32f103xe.o [1]
  .text              ro code   0x800'34f0     0x4  startup_stm32f103xe.o [1]
  .text              ro code   0x800'34f4     0x4  startup_stm32f103xe.o [1]
  .rodata            const     0x800'34f8     0x0  zero_init3.o [6]
  .rodata            const     0x800'34f8     0x0  copy_init3.o [6]
                             - 0x800'34f8  0x33c8

"P2", part 1 of 3:                           0x14
  P2-1                        0x2000'0000    0x14  <Init block>
    .data            inited   0x2000'0000     0xc  stm32f1xx_hal.o [4]
    .data            inited   0x2000'000c     0x4  system_stm32f1xx.o [3]
    .data            inited   0x2000'0010     0x4  motor.o [2]
                            - 0x2000'0014    0x14

"P2", part 2 of 3:                          0x2c8
  .bss               zero     0x2000'0014    0x54  i2c.o [2]
  .bss               zero     0x2000'0068    0x48  tim.o [2]
  .bss               zero     0x2000'00b0    0x48  usart.o [2]
  .bss               zero     0x2000'00f8    0x48  usart.o [2]
  .bss               zero     0x2000'0140    0x48  usart.o [2]
  .bss               zero     0x2000'0188    0x44  adc.o [2]
  .bss               zero     0x2000'01cc    0x40  bsp_can.o [2]
  .bss               zero     0x2000'020c    0x30  adc.o [2]
  .bss               zero     0x2000'023c    0x28  can.o [2]
  .bss               zero     0x2000'0264    0x20  stm32f1xx_it.o [2]
  .bss               zero     0x2000'0284    0x18  bsp_can.o [2]
  .bss               zero     0x2000'029c     0xc  hw_config.o [2]
  .bss               zero     0x2000'02a8     0xc  hw_config.o [2]
  .bss               zero     0x2000'02b4     0x4  hw_config.o [2]
  .bss               zero     0x2000'02b8     0x4  hw_config.o [2]
  .bss               zero     0x2000'02bc     0x4  hw_config.o [2]
  .bss               zero     0x2000'02c0     0x4  task.o [2]
  .bss               zero     0x2000'02c4     0x2  hw_config.o [2]
  .bss               zero     0x2000'02c6     0x2  hw_config.o [2]
  .bss               zero     0x2000'02c8     0x2  hw_config.o [2]
  .bss               zero     0x2000'02ca     0x2  hw_config.o [2]
  .bss               zero     0x2000'02cc     0x2  hw_config.o [2]
  .bss               zero     0x2000'02ce     0x2  keyscan.o [2]
  .bss               zero     0x2000'02d0     0x2  keyscan.o [2]
  .bss               zero     0x2000'02d2     0x2  motor.o [2]
  .bss               zero     0x2000'02d4     0x1  hw_config.o [2]
  .bss               zero     0x2000'02d5     0x1  hw_config.o [2]
  .bss               zero     0x2000'02d6     0x1  hw_config.o [2]
  .bss               zero     0x2000'02d7     0x1  hw_config.o [2]
  .bss               zero     0x2000'02d8     0x1  task.o [2]
                            - 0x2000'02d9   0x2c5

"P2", part 3 of 3:                          0x400
  CSTACK                      0x2000'02e0   0x400  <Block>
    CSTACK           uninit   0x2000'02e0   0x400  <Block tail>
                            - 0x2000'06e0   0x400

Unused ranges:

         From           To      Size
         ----           --      ----
   0x800'34f8   0x807'ffff  0x7'cb08
  0x2000'02dc  0x2000'02df       0x4
  0x2000'06e0  0x2000'ffff    0xf920


*******************************************************************************
*** INIT TABLE
***

          Address      Size
          -------      ----
Zero (__iar_zero_init3)
    1 destination range, total size 0x2c5:
          0x2000'0014  0x2c5

Copy (__iar_copy_init3)
    1 source range, total size 0x14:
           0x800'3404   0x14
    1 destination range, total size 0x14:
          0x2000'0000   0x14



*******************************************************************************
*** MODULE SUMMARY
***

    Module                  ro code  ro data  rw data
    ------                  -------  -------  -------
command line/config:
    -------------------------------------------------
    Total:

C:\pjt_not\AS6H_prj\EWARM\AS6H_prj\Obj\Application\EWARM: [1]
    startup_stm32f103xe.o       520
    -------------------------------------------------
    Total:                      520

C:\pjt_not\AS6H_prj\EWARM\AS6H_prj\Obj\Application\User\Core: [2]
    adc.o                       292               116
    bsp_can.o                   328                88
    can.o                       248                40
    dma.o                        48
    gpio.o                      380
    hw_config.o                                    50
    i2c.o                       176                84
    keyscan.o                   624                 4
    main.o                      208
    motor.o                     364        4        6
    stm32f1xx_hal_msp.o          68
    stm32f1xx_it.o              504                32
    task.o                      192                 5
    tim.o                       168                72
    usart.o                     448               216
    -------------------------------------------------
    Total:                    4'048        4      713

C:\pjt_not\AS6H_prj\EWARM\AS6H_prj\Obj\Drivers\CMSIS: [3]
    system_stm32f1xx.o           20       12        4
    -------------------------------------------------
    Total:                       20       12        4

C:\pjt_not\AS6H_prj\EWARM\AS6H_prj\Obj\Drivers\STM32F1xx_HAL_Driver: [4]
    stm32f1xx_hal.o             128       12       12
    stm32f1xx_hal_adc.o         880
    stm32f1xx_hal_adc_ex.o        2
    stm32f1xx_hal_can.o       1'594
    stm32f1xx_hal_cortex.o      196
    stm32f1xx_hal_dma.o         940
    stm32f1xx_hal_gpio.o        516
    stm32f1xx_hal_i2c.o         340
    stm32f1xx_hal_rcc.o       1'214
    stm32f1xx_hal_rcc_ex.o      232
    stm32f1xx_hal_tim.o         978
    stm32f1xx_hal_tim_ex.o      124
    stm32f1xx_hal_uart.o      1'340
    -------------------------------------------------
    Total:                    8'484       12       12

dl7M_tlf.a: [5]
    exit.o                        4
    low_level_init.o              4
    -------------------------------------------------
    Total:                        8

rt7M_tl.a: [6]
    ABImemclr4.o                  6
    ABImemset.o                 102
    ABImemset48.o                50
    cexit.o                      10
    cmain.o                      30
    copy_init3.o                 42
    cstartup_M.o                 28
    data_init.o                  40
    memset.o                     20
    zero_init3.o                 56
    -------------------------------------------------
    Total:                      384

shb_l.a: [7]
    exit.o                       20
    -------------------------------------------------
    Total:                       20

    Gaps                         12
    Linker created                        36    1'024
-----------------------------------------------------
    Grand Total:             13'496       64    1'753


*******************************************************************************
*** ENTRY LIST
***

Entry                       Address   Size  Type      Object
-----                       -------   ----  ----      ------
.iar.init_table$$Base    0x800'3368          --   Gb  - Linker created -
.iar.init_table$$Limit   0x800'338c          --   Gb  - Linker created -
?main                    0x800'338d         Code  Gb  cmain.o [6]
ADC1_2_IRQHandler        0x800'311b    0x6  Code  Gb  stm32f1xx_it.o [2]
ADC_ConversionStop_Disable
                         0x800'2cb5   0x48  Code  Gb  stm32f1xx_hal_adc.o [4]
AHBPrescTable            0x800'33f4   0x10  Data  Gb  system_stm32f1xx.o [3]
APBPrescTable            0x800'3428    0x8  Data  Gb  system_stm32f1xx.o [3]
BusFault_Handler         0x800'3107    0x2  Code  Gb  stm32f1xx_it.o [2]
CAN1_RX1_IRQHandler      0x800'31e9    0x2  Code  Gb  stm32f1xx_it.o [2]
CAN1_SCE_IRQHandler      0x800'31f1    0x2  Code  Gb  stm32f1xx_it.o [2]
CSTACK$$Base            0x2000'02e0          --   Gb  - Linker created -
CSTACK$$Limit           0x2000'06e0          --   Gb  - Linker created -
DMA1_Channel1_IRQHandler
                         0x800'3115    0x6  Code  Gb  stm32f1xx_it.o [2]
DM_Stop                  0x800'1aaf   0x22  Code  Gb  motor.o [2]
DMotorSeq               0x2000'02d4    0x1  Data  Gb  hw_config.o [2]
DMotorWaitime           0x2000'02c8    0x2  Data  Gb  hw_config.o [2]
DRV_Control              0x800'1ad1   0x44  Code  Gb  motor.o [2]
DRV_SPD                  0x800'1be4   0x18  Data  Gb  motor.o [2]
DRV_Start                0x800'1a31   0x1e  Code  Gb  keyscan.o [2]
DebugMon_Handler         0x800'310d    0x2  Code  Gb  stm32f1xx_it.o [2]
Drive_REQ                0x800'19f5   0x3c  Code  Gb  keyscan.o [2]
Drv_spd                 0x2000'0011    0x1  Data  Gb  motor.o [2]
Error_Handler            0x800'0965    0x4  Code  Gb  main.o [2]
Event_10ms               0x800'1795   0x40  Code  Gb  task.o [2]
Event_30ms               0x800'17d5   0x14  Code  Gb  task.o [2]
Event_500ms              0x800'17ef   0x22  Code  Gb  task.o [2]
HAL_ADCEx_InjectedConvCpltCallback
                         0x800'30fd    0x2  Code  Wk  stm32f1xx_hal_adc_ex.o [4]
HAL_ADC_ConfigChannel    0x800'2b9b   0xe6  Code  Gb  stm32f1xx_hal_adc.o [4]
HAL_ADC_IRQHandler       0x800'2ab5   0xda  Code  Gb  stm32f1xx_hal_adc.o [4]
HAL_ADC_Init             0x800'2999  0x110  Code  Gb  stm32f1xx_hal_adc.o [4]
HAL_ADC_MspInit          0x800'117d   0xb8  Code  Gb  adc.o [2]
HAL_CAN_ActivateNotification
                         0x800'053b   0x16  Code  Gb  stm32f1xx_hal_can.o [4]
HAL_CAN_AddTxMessage     0x800'036b   0xb8  Code  Gb  stm32f1xx_hal_can.o [4]
HAL_CAN_ConfigFilter     0x800'0229   0xbc  Code  Gb  stm32f1xx_hal_can.o [4]
HAL_CAN_GetRxMessage     0x800'0435   0xfc  Code  Gb  stm32f1xx_hal_can.o [4]
HAL_CAN_IRQHandler       0x800'0557  0x1fa  Code  Gb  stm32f1xx_hal_can.o [4]
HAL_CAN_Init             0x800'0131   0xe6  Code  Gb  stm32f1xx_hal_can.o [4]
HAL_CAN_MspInit          0x800'078b   0xae  Code  Gb  can.o [2]
HAL_CAN_Start            0x800'02f3   0x4c  Code  Gb  stm32f1xx_hal_can.o [4]
HAL_DMA_Abort            0x800'2d89   0x4a  Code  Gb  stm32f1xx_hal_dma.o [4]
HAL_DMA_Abort_IT         0x800'2dd3   0xdc  Code  Gb  stm32f1xx_hal_dma.o [4]
HAL_DMA_IRQHandler       0x800'2eaf  0x1be  Code  Gb  stm32f1xx_hal_dma.o [4]
HAL_DMA_Init             0x800'2d05   0x84  Code  Gb  stm32f1xx_hal_dma.o [4]
HAL_GPIO_Init            0x800'097d  0x1b0  Code  Gb  stm32f1xx_hal_gpio.o [4]
HAL_GPIO_TogglePin       0x800'0b35   0x10  Code  Gb  stm32f1xx_hal_gpio.o [4]
HAL_GPIO_WritePin        0x800'0b2d    0x8  Code  Gb  stm32f1xx_hal_gpio.o [4]
HAL_GetTick              0x800'0849    0xc  Code  Wk  stm32f1xx_hal.o [4]
HAL_I2C_Init             0x800'27cd  0x12e  Code  Gb  stm32f1xx_hal_i2c.o [4]
HAL_I2C_MspInit          0x800'1005   0x66  Code  Gb  i2c.o [2]
HAL_IncTick              0x800'32f9   0x10  Code  Wk  stm32f1xx_hal.o [4]
HAL_Init                 0x800'0c45   0x20  Code  Gb  stm32f1xx_hal.o [4]
HAL_InitTick             0x800'2215   0x40  Code  Wk  stm32f1xx_hal.o [4]
HAL_MspInit              0x800'2255   0x44  Code  Gb  stm32f1xx_hal_msp.o [2]
HAL_NVIC_EnableIRQ       0x800'0bef   0x16  Code  Gb  stm32f1xx_hal_cortex.o [4]
HAL_NVIC_SetPriority     0x800'0bb5   0x3a  Code  Gb  stm32f1xx_hal_cortex.o [4]
HAL_NVIC_SetPriorityGrouping
                         0x800'0b9b   0x1a  Code  Gb  stm32f1xx_hal_cortex.o [4]
HAL_RCCEx_PeriphCLKConfig
                         0x800'20c5   0xda  Code  Gb  stm32f1xx_hal_rcc_ex.o [4]
HAL_RCC_ClockConfig      0x800'1f19   0xf4  Code  Gb  stm32f1xx_hal_rcc.o [4]
HAL_RCC_GetPCLK1Freq     0x800'205b   0x10  Code  Gb  stm32f1xx_hal_rcc.o [4]
HAL_RCC_GetPCLK2Freq     0x800'206b    0xe  Code  Gb  stm32f1xx_hal_rcc.o [4]
HAL_RCC_GetSysClockFreq
                         0x800'2021   0x3a  Code  Gb  stm32f1xx_hal_rcc.o [4]
HAL_RCC_GetSysClockFreq::aPLLMULFactorTable
                         0x800'20b0   0x10  Data  Lc  stm32f1xx_hal_rcc.o [4]
HAL_RCC_GetSysClockFreq::aPredivFactorTable
                         0x800'20c0    0x2  Data  Lc  stm32f1xx_hal_rcc.o [4]
HAL_RCC_OscConfig        0x800'1c05  0x30c  Code  Gb  stm32f1xx_hal_rcc.o [4]
HAL_SYSTICK_Config       0x800'0c05   0x28  Code  Gb  stm32f1xx_hal_cortex.o [4]
HAL_TIMEx_BreakCallback
                         0x800'30b7    0x2  Code  Wk  stm32f1xx_hal_tim_ex.o [4]
HAL_TIMEx_CommutCallback
                         0x800'30bb    0x2  Code  Wk  stm32f1xx_hal_tim_ex.o [4]
HAL_TIMEx_MasterConfigSynchronization
                         0x800'2921   0x62  Code  Gb  stm32f1xx_hal_tim_ex.o [4]
HAL_TIM_Base_Init        0x800'1399   0x1a  Code  Gb  stm32f1xx_hal_tim.o [4]
HAL_TIM_Base_MspInit     0x800'10ed   0x34  Code  Gb  tim.o [2]
HAL_TIM_Base_Start_IT    0x800'13b3   0x66  Code  Gb  stm32f1xx_hal_tim.o [4]
HAL_TIM_ConfigClockSource
                         0x800'15a5   0xaa  Code  Gb  stm32f1xx_hal_tim.o [4]
HAL_TIM_IRQHandler       0x800'145d  0x142  Code  Gb  stm32f1xx_hal_tim.o [4]
HAL_UART_IRQHandler      0x800'2333  0x28e  Code  Gb  stm32f1xx_hal_uart.o [4]
HAL_UART_Init            0x800'2299   0x1e  Code  Gb  stm32f1xx_hal_uart.o [4]
HAL_UART_MspInit         0x800'0e69  0x120  Code  Gb  usart.o [2]
HardFault_Handler        0x800'3103    0x2  Code  Gb  stm32f1xx_it.o [2]
Key_IdentChk             0x800'19d1   0x18  Code  Gb  keyscan.o [2]
LKEY_Check               0x800'1821   0x7a  Code  Gb  keyscan.o [2]
L_KeyBuff               0x2000'02d0    0x2  Data  Gb  keyscan.o [2]
Lkey_Action              0x800'189b   0x66  Code  Gb  keyscan.o [2]
Local_Key               0x2000'029c    0xc  Data  Gb  hw_config.o [2]
MX_ADC1_Init             0x800'112d   0x50  Code  Gb  adc.o [2]
MX_CAN_Init              0x800'0751   0x3a  Code  Gb  can.o [2]
MX_DMA_Init              0x800'0de5   0x30  Code  Gb  dma.o [2]
MX_GPIO_Init             0x800'0c69  0x134  Code  Gb  gpio.o [2]
MX_I2C1_Init             0x800'0fd5   0x30  Code  Gb  i2c.o [2]
MX_TIM3_Init             0x800'1085   0x68  Code  Gb  tim.o [2]
MX_USART1_UART_Init      0x800'0e15   0x10  Code  Gb  usart.o [2]
MX_USART2_UART_Init      0x800'0e25   0x10  Code  Gb  usart.o [2]
MX_USART3_UART_Init      0x800'0e59   0x10  Code  Gb  usart.o [2]
MemManage_Handler        0x800'3105    0x2  Code  Gb  stm32f1xx_it.o [2]
Motor_Control            0x800'1ba3   0x1c  Code  Gb  motor.o [2]
NMI_Handler              0x800'3101    0x2  Code  Gb  stm32f1xx_it.o [2]
PendSV_Handler           0x800'310f    0x2  Code  Gb  stm32f1xx_it.o [2]
RFR_Key                 0x2000'02a8    0xc  Data  Gb  hw_config.o [2]
RKEY_Check               0x800'1901   0x5a  Code  Gb  keyscan.o [2]
RK_PermitTime           0x2000'02cc    0x2  Data  Gb  hw_config.o [2]
R_KeyBuff               0x2000'02ce    0x2  Data  Gb  keyscan.o [2]
Received_canDLC         0x2000'02d7    0x1  Data  Gb  hw_config.o [2]
Received_canID          0x2000'02bc    0x4  Data  Gb  hw_config.o [2]
Received_canIDType      0x2000'02d6    0x1  Data  Gb  hw_config.o [2]
Region$$Table$$Base      0x800'3368          --   Gb  - Linker created -
Region$$Table$$Limit     0x800'338c          --   Gb  - Linker created -
Rkey_Action              0x800'195b   0x64  Code  Gb  keyscan.o [2]
SM_Stop                  0x800'1b39   0x20  Code  Gb  motor.o [2]
SMotorSeq               0x2000'02d5    0x1  Data  Gb  hw_config.o [2]
SMotorWaitime           0x2000'02ca    0x2  Data  Gb  hw_config.o [2]
STR_Control              0x800'1b67   0x3c  Code  Gb  motor.o [2]
STR_Start                0x800'1a4f   0x12  Code  Gb  keyscan.o [2]
SVC_Handler              0x800'310b    0x2  Code  Gb  stm32f1xx_it.o [2]
SysTick_Handler          0x800'3111    0x4  Code  Gb  stm32f1xx_it.o [2]
SystemClock_Config       0x800'08e5   0x80  Code  Gb  main.o [2]
SystemCoreClock         0x2000'000c    0x4  Data  Gb  system_stm32f1xx.o [3]
SystemInit               0x800'33f1    0x2  Code  Gb  system_stm32f1xx.o [3]
TIM3_IRQHandler          0x800'31f3   0xa4  Code  Gb  stm32f1xx_it.o [2]
TIM_Base_SetConfig       0x800'1669   0x74  Code  Gb  stm32f1xx_hal_tim.o [4]
TIM_ETR_SetConfig        0x800'1747   0x14  Code  Gb  stm32f1xx_hal_tim.o [4]
TIM_ITRx_SetConfig       0x800'1737   0x10  Code  Lc  stm32f1xx_hal_tim.o [4]
TIM_TI1_ConfigInputStage
                         0x800'16f5   0x1e  Code  Lc  stm32f1xx_hal_tim.o [4]
TIM_TI2_ConfigInputStage
                         0x800'1713   0x24  Code  Lc  stm32f1xx_hal_tim.o [4]
Timer_Event              0x800'1761   0x34  Code  Gb  task.o [2]
TxMailbox               0x2000'0208    0x4  Data  Gb  bsp_can.o [2]
TxMessage               0x2000'01cc   0x14  Data  Gb  bsp_can.o [2]
UART_DMAAbortOnError     0x800'2669    0xe  Code  Lc  stm32f1xx_hal_uart.o [4]
UART_EndRxTransfer       0x800'2631   0x36  Code  Lc  stm32f1xx_hal_uart.o [4]
UART_Receive_IT          0x800'2679   0xb4  Code  Lc  stm32f1xx_hal_uart.o [4]
UART_SetConfig           0x800'2749   0x78  Code  Lc  stm32f1xx_hal_uart.o [4]
USART1_IRQHandler        0x800'3297    0x6  Code  Gb  stm32f1xx_it.o [2]
USART2_IRQHandler        0x800'329d    0x6  Code  Gb  stm32f1xx_it.o [2]
USART3_IRQHandler        0x800'32a3    0x6  Code  Gb  stm32f1xx_it.o [2]
USB_HP_CAN1_TX_IRQHandler
                         0x800'3121    0x2  Code  Gb  stm32f1xx_it.o [2]
USB_LP_CAN1_RX0_IRQHandler
                         0x800'3123   0xc6  Code  Gb  stm32f1xx_it.o [2]
UsageFault_Handler       0x800'3109    0x2  Code  Gb  stm32f1xx_it.o [2]
User_Interface           0x800'19e9    0xc  Code  Gb  keyscan.o [2]
__NVIC_SetPriority       0x800'0b81   0x1a  Code  Lc  stm32f1xx_hal_cortex.o [4]
__aeabi_memclr4          0x800'1bfd         Code  Gb  ABImemclr4.o [6]
__aeabi_memset           0x800'21ad         Code  Gb  ABImemset.o [6]
__cmain                  0x800'338d         Code  Gb  cmain.o [6]
__exit                   0x800'33c1   0x14  Code  Gb  exit.o [7]
__iar_Memset             0x800'21ad         Code  Gb  ABImemset.o [6]
__iar_Memset4_word       0x800'30c1         Code  Gb  ABImemset48.o [6]
__iar_Memset8_word       0x800'30c1         Code  Gb  ABImemset48.o [6]
__iar_Memset_word        0x800'21b5         Code  Gb  ABImemset.o [6]
__iar_copy_init3         0x800'086f   0x2a  Code  Gb  copy_init3.o [6]
__iar_data_init3         0x800'3341   0x28  Code  Gb  data_init.o [6]
__iar_program_start      0x800'33d5         Code  Gb  cstartup_M.o [6]
__iar_zero_init3         0x800'3309   0x38  Code  Gb  zero_init3.o [6]
__low_level_init         0x800'33ab    0x4  Code  Gb  low_level_init.o [5]
__vector_table           0x800'0000         Data  Gb  startup_stm32f103xe.o [1]
_call_main               0x800'3399         Code  Gb  cmain.o [6]
_exit                    0x800'33b5         Code  Gb  cexit.o [6]
bsp_can_init             0x800'1329   0x54  Code  Gb  bsp_can.o [2]
can1_Trans8b             0x800'1251   0xd8  Code  Gb  bsp_can.o [2]
exit                     0x800'33af    0x4  Code  Gb  exit.o [5]
hadc1                   0x2000'020c   0x30  Data  Gb  adc.o [2]
hcan                    0x2000'023c   0x28  Data  Gb  can.o [2]
hdma_adc1               0x2000'0188   0x44  Data  Gb  adc.o [2]
hi2c1                   0x2000'0014   0x54  Data  Gb  i2c.o [2]
htim3                   0x2000'0068   0x48  Data  Gb  tim.o [2]
huart1                  0x2000'00b0   0x48  Data  Gb  usart.o [2]
huart2                  0x2000'00f8   0x48  Data  Gb  usart.o [2]
huart3                  0x2000'0140   0x48  Data  Gb  usart.o [2]
is_DriveKey              0x800'1a91   0x1e  Code  Gb  motor.o [2]
is_StrringKey            0x800'1b15   0x24  Code  Gb  motor.o [2]
key_buff                0x2000'0264    0x4  Data  Gb  stm32f1xx_it.o [2]
main                     0x800'0899   0x46  Code  Gb  main.o [2]
memset                   0x800'0969   0x14  Code  Gb  memset.o [6]
ms_cnt                  0x2000'02c0    0x4  Data  Gb  task.o [2]
rDRV_DIR                0x2000'0010    0x1  Data  Gb  motor.o [2]
rxHeader                0x2000'0268   0x1c  Data  Gb  stm32f1xx_it.o [2]
sFilterConfig           0x2000'01e0   0x28  Data  Gb  bsp_can.o [2]
tm10mS_Cnt              0x2000'02d8    0x1  Data  Gb  task.o [2]
txHeader                0x2000'0284   0x18  Data  Gb  bsp_can.o [2]
u2SysStatusF            0x2000'02b4    0x4  Data  Gb  hw_config.o [2]
uCommStatusFlag         0x2000'02c6    0x2  Data  Gb  hw_config.o [2]
uDRV_RPM                0x2000'0012    0x2  Data  Gb  motor.o [2]
uKeyStatusFlag          0x2000'02b8    0x4  Data  Gb  hw_config.o [2]
uSTR_PWM                0x2000'02d2    0x2  Data  Gb  motor.o [2]
uTimerFlag              0x2000'02c4    0x2  Data  Gb  hw_config.o [2]
uwTick                  0x2000'0004    0x4  Data  Gb  stm32f1xx_hal.o [4]
uwTickFreq              0x2000'0000    0x1  Data  Gb  stm32f1xx_hal.o [4]
uwTickPrio              0x2000'0008    0x4  Data  Gb  stm32f1xx_hal.o [4]


[1] = C:\pjt_not\AS6H_prj\EWARM\AS6H_prj\Obj\Application\EWARM
[2] = C:\pjt_not\AS6H_prj\EWARM\AS6H_prj\Obj\Application\User\Core
[3] = C:\pjt_not\AS6H_prj\EWARM\AS6H_prj\Obj\Drivers\CMSIS
[4] = C:\pjt_not\AS6H_prj\EWARM\AS6H_prj\Obj\Drivers\STM32F1xx_HAL_Driver
[5] = dl7M_tlf.a
[6] = rt7M_tl.a
[7] = shb_l.a

  13'496 bytes of readonly  code memory
      64 bytes of readonly  data memory
   1'753 bytes of readwrite data memory

Errors: none
Warnings: none
