###############################################################################
#
# IAR ELF Linker V9.20.1.318/W64 for ARM                  07/Aug/2024  14:18:22
# Copyright 2007-2021 IAR Systems AB.
#
#    Output file  =  C:\pjt_not\AS6H_prj\EWARM\AS6H_prj\Exe\AS6H_prj.out
#    Map file     =  C:\pjt_not\AS6H_prj\EWARM\AS6H_prj\List\AS6H_prj.map
#    Command line =
#        -f C:\pjt_not\AS6H_prj\EWARM\AS6H_prj\Exe\AS6H_prj.out.rsp
#        (C:\pjt_not\AS6H_prj\EWARM\AS6H_prj\Obj\Application\User\Core\adc.o
#        C:\pjt_not\AS6H_prj\EWARM\AS6H_prj\Obj\Application\User\Core\bsp_can.o
#        C:\pjt_not\AS6H_prj\EWARM\AS6H_prj\Obj\Application\User\Core\can.o
#        C:\pjt_not\AS6H_prj\EWARM\AS6H_prj\Obj\Application\User\Core\debug.o
#        C:\pjt_not\AS6H_prj\EWARM\AS6H_prj\Obj\Application\User\Core\dma.o
#        C:\pjt_not\AS6H_prj\EWARM\AS6H_prj\Obj\Application\User\Core\gpio.o
#        C:\pjt_not\AS6H_prj\EWARM\AS6H_prj\Obj\Application\User\Core\hw_config.o
#        C:\pjt_not\AS6H_prj\EWARM\AS6H_prj\Obj\Application\User\Core\i2c.o
#        C:\pjt_not\AS6H_prj\EWARM\AS6H_prj\Obj\Application\User\Core\keyscan.o
#        C:\pjt_not\AS6H_prj\EWARM\AS6H_prj\Obj\Application\User\Core\main.o
#        C:\pjt_not\AS6H_prj\EWARM\AS6H_prj\Obj\Application\User\Core\motor.o
#        C:\pjt_not\AS6H_prj\EWARM\AS6H_prj\Obj\Application\EWARM\startup_stm32f103xe.o
#        C:\pjt_not\AS6H_prj\EWARM\AS6H_prj\Obj\Drivers\STM32F1xx_HAL_Driver\stm32f1xx_hal.o
#        C:\pjt_not\AS6H_prj\EWARM\AS6H_prj\Obj\Drivers\STM32F1xx_HAL_Driver\stm32f1xx_hal_adc.o
#        C:\pjt_not\AS6H_prj\EWARM\AS6H_prj\Obj\Drivers\STM32F1xx_HAL_Driver\stm32f1xx_hal_adc_ex.o
#        C:\pjt_not\AS6H_prj\EWARM\AS6H_prj\Obj\Drivers\STM32F1xx_HAL_Driver\stm32f1xx_hal_can.o
#        C:\pjt_not\AS6H_prj\EWARM\AS6H_prj\Obj\Drivers\STM32F1xx_HAL_Driver\stm32f1xx_hal_cortex.o
#        C:\pjt_not\AS6H_prj\EWARM\AS6H_prj\Obj\Drivers\STM32F1xx_HAL_Driver\stm32f1xx_hal_dma.o
#        C:\pjt_not\AS6H_prj\EWARM\AS6H_prj\Obj\Drivers\STM32F1xx_HAL_Driver\stm32f1xx_hal_exti.o
#        C:\pjt_not\AS6H_prj\EWARM\AS6H_prj\Obj\Drivers\STM32F1xx_HAL_Driver\stm32f1xx_hal_flash.o
#        C:\pjt_not\AS6H_prj\EWARM\AS6H_prj\Obj\Drivers\STM32F1xx_HAL_Driver\stm32f1xx_hal_flash_ex.o
#        C:\pjt_not\AS6H_prj\EWARM\AS6H_prj\Obj\Drivers\STM32F1xx_HAL_Driver\stm32f1xx_hal_gpio.o
#        C:\pjt_not\AS6H_prj\EWARM\AS6H_prj\Obj\Drivers\STM32F1xx_HAL_Driver\stm32f1xx_hal_gpio_ex.o
#        C:\pjt_not\AS6H_prj\EWARM\AS6H_prj\Obj\Drivers\STM32F1xx_HAL_Driver\stm32f1xx_hal_i2c.o
#        C:\pjt_not\AS6H_prj\EWARM\AS6H_prj\Obj\Application\User\Core\stm32f1xx_hal_msp.o
#        C:\pjt_not\AS6H_prj\EWARM\AS6H_prj\Obj\Drivers\STM32F1xx_HAL_Driver\stm32f1xx_hal_pwr.o
#        C:\pjt_not\AS6H_prj\EWARM\AS6H_prj\Obj\Drivers\STM32F1xx_HAL_Driver\stm32f1xx_hal_rcc.o
#        C:\pjt_not\AS6H_prj\EWARM\AS6H_prj\Obj\Drivers\STM32F1xx_HAL_Driver\stm32f1xx_hal_rcc_ex.o
#        C:\pjt_not\AS6H_prj\EWARM\AS6H_prj\Obj\Drivers\STM32F1xx_HAL_Driver\stm32f1xx_hal_tim.o
#        C:\pjt_not\AS6H_prj\EWARM\AS6H_prj\Obj\Drivers\STM32F1xx_HAL_Driver\stm32f1xx_hal_tim_ex.o
#        C:\pjt_not\AS6H_prj\EWARM\AS6H_prj\Obj\Drivers\STM32F1xx_HAL_Driver\stm32f1xx_hal_uart.o
#        C:\pjt_not\AS6H_prj\EWARM\AS6H_prj\Obj\Application\User\Core\stm32f1xx_it.o
#        C:\pjt_not\AS6H_prj\EWARM\AS6H_prj\Obj\Drivers\CMSIS\system_stm32f1xx.o
#        C:\pjt_not\AS6H_prj\EWARM\AS6H_prj\Obj\Application\User\Core\task.o
#        C:\pjt_not\AS6H_prj\EWARM\AS6H_prj\Obj\Application\User\Core\tim.o
#        C:\pjt_not\AS6H_prj\EWARM\AS6H_prj\Obj\Application\User\Core\usart.o
#        --no_out_extension -o
#        C:\pjt_not\AS6H_prj\EWARM\AS6H_prj\Exe\AS6H_prj.out --redirect
#        _Printf=_PrintfFullNoMb --redirect _Scanf=_ScanfFullNoMb --map
#        C:\pjt_not\AS6H_prj\EWARM\AS6H_prj\List\AS6H_prj.map --config
#        C:\pjt_not\AS6H_prj\EWARM/stm32f103xe_flash.icf --semihosting --entry
#        __iar_program_start --vfe --text_out locale)
#
###############################################################################

*******************************************************************************
*** RUNTIME MODEL ATTRIBUTES
***

CppFlavor       = *
__CPP_Runtime   = 1
__SystemLibrary = DLib
__dlib_version  = 6


*******************************************************************************
*** HEAP SELECTION
***

The basic heap was selected because no calls to memory allocation
functions were found in the application outside of system library
functions, and there are calls to deallocation functions in the
application.


*******************************************************************************
*** PLACEMENT SUMMARY
***

"A0":  place at address 0x800'0000 { ro section .intvec };
"P1":  place in [from 0x800'0000 to 0x807'ffff] { ro };
define block CSTACK with size = 1K, alignment = 8 { };
define block HEAP with size = 512, alignment = 8 { };
"P2":  place in [from 0x2000'0000 to 0x2000'ffff] {
          rw, block CSTACK, block HEAP };
initialize by copy { rw };

  Section            Kind         Address    Size  Object
  -------            ----         -------    ----  ------
"A0":                                       0x130
  .intvec            ro code   0x800'0000   0x130  startup_stm32f103xe.o [1]
                             - 0x800'0130   0x130

"P1":                                      0x2d18
  .text              ro code   0x800'0130   0x534  stm32f1xx_hal_uart.o [4]
  .text              ro code   0x800'0664   0x1c0  usart.o [2]
  .text              ro code   0x800'0824   0x3ac  stm32f1xx_hal_dma.o [4]
  .text              ro code   0x800'0bd0     0x2  stm32f1xx_hal_uart.o [4]
  .text              ro code   0x800'0bd2     0x2  stm32f1xx_hal_uart.o [4]
  .text              ro code   0x800'0bd4     0x2  stm32f1xx_hal_uart.o [4]
  .text              ro code   0x800'0bd6     0x2  stm32f1xx_hal_uart.o [4]
  .text              ro code   0x800'0bd8   0x4be  stm32f1xx_hal_rcc.o [4]
  .text              ro code   0x800'1096    0x2a  copy_init3.o [6]
  .text              ro code   0x800'10c0    0xc8  main.o [2]
  .text              ro code   0x800'1188    0x14  memset.o [6]
  .text              ro code   0x800'119c   0x204  stm32f1xx_hal_gpio.o [4]
  .text              ro code   0x800'13a0    0xc4  stm32f1xx_hal_cortex.o [4]
  .text              ro code   0x800'1464     0xc  stm32f1xx_hal.o [4]
  .text              ro code   0x800'1470    0x40  stm32f1xx_hal.o [4]
  .text              ro code   0x800'14b0    0x24  stm32f1xx_hal.o [4]
  .text              ro code   0x800'14d4   0x17c  gpio.o [2]
  .text              ro code   0x800'1650    0x30  dma.o [2]
  .text              ro code   0x800'1680   0x190  adc.o [2]
  .text              ro code   0x800'1810    0xf8  can.o [2]
  .text              ro code   0x800'1908    0xb0  i2c.o [2]
  .text              ro code   0x800'19b8    0xa8  tim.o [2]
  .text              ro code   0x800'1a60   0x3c8  stm32f1xx_hal_tim.o [4]
  .text              ro code   0x800'1e28    0x54  task.o [2]
  .text              ro code   0x800'1e7c   0x104  keyscan.o [2]
  .text              ro code   0x800'1f80     0x6  ABImemclr4.o [6]
  .text              ro code   0x800'1f88    0xe8  stm32f1xx_hal_rcc_ex.o [4]
  .text              ro code   0x800'2070    0x66  ABImemset.o [6]
  .text              ro code   0x800'20d8    0x44  stm32f1xx_hal_msp.o [2]
  .text              ro code   0x800'211c   0x36c  stm32f1xx_hal_adc.o [4]
  .text              ro code   0x800'2488   0x42a  stm32f1xx_hal_can.o [4]
  .text              ro code   0x800'28b4   0x154  stm32f1xx_hal_i2c.o [4]
  .text              ro code   0x800'2a08    0x78  stm32f1xx_hal_tim_ex.o [4]
  .text              ro code   0x800'2a80     0x2  stm32f1xx_hal_tim.o [4]
  .text              ro code   0x800'2a82     0x2  stm32f1xx_hal_tim.o [4]
  .text              ro code   0x800'2a84     0x2  stm32f1xx_hal_tim.o [4]
  .text              ro code   0x800'2a86     0x2  stm32f1xx_hal_tim_ex.o [4]
  .text              ro code   0x800'2a88     0x2  stm32f1xx_hal_tim.o [4]
  .text              ro code   0x800'2a8a     0x2  stm32f1xx_hal_tim_ex.o [4]
  .text              ro code   0x800'2a8c     0x2  stm32f1xx_hal_tim.o [4]
  .text              ro code   0x800'2a90    0x32  ABImemset48.o [6]
  .text              ro code   0x800'2ac2     0x2  stm32f1xx_hal_adc.o [4]
  .text              ro code   0x800'2ac4     0x2  stm32f1xx_hal_adc_ex.o [4]
  .text              ro code   0x800'2ac6     0x2  stm32f1xx_hal_adc.o [4]
  .text              ro code   0x800'2ac8     0x2  stm32f1xx_hal_can.o [4]
  .text              ro code   0x800'2aca     0x2  stm32f1xx_hal_can.o [4]
  .text              ro code   0x800'2acc     0x2  stm32f1xx_hal_can.o [4]
  .text              ro code   0x800'2ace     0x2  stm32f1xx_hal_can.o [4]
  .text              ro code   0x800'2ad0     0x2  stm32f1xx_hal_can.o [4]
  .text              ro code   0x800'2ad2     0x2  stm32f1xx_hal_can.o [4]
  .text              ro code   0x800'2ad4     0x2  stm32f1xx_hal_can.o [4]
  .text              ro code   0x800'2ad6     0x2  stm32f1xx_hal_can.o [4]
  .text              ro code   0x800'2ad8     0x2  stm32f1xx_hal_can.o [4]
  .text              ro code   0x800'2ada     0x2  stm32f1xx_hal_can.o [4]
  .text              ro code   0x800'2adc     0x2  stm32f1xx_hal_can.o [4]
  .text              ro code   0x800'2ade     0x2  stm32f1xx_hal_can.o [4]
  .text              ro code   0x800'2ae0     0x2  stm32f1xx_hal_can.o [4]
  .text              ro code   0x800'2ae4   0x168  stm32f1xx_it.o [2]
  .text              ro code   0x800'2c4c    0x10  stm32f1xx_hal.o [4]
  .text              ro code   0x800'2c5c    0x38  zero_init3.o [6]
  .text              ro code   0x800'2c94    0x28  data_init.o [6]
  .iar.init_table    const     0x800'2cbc    0x24  - Linker created -
  .text              ro code   0x800'2ce0    0x1e  cmain.o [6]
  .text              ro code   0x800'2cfe     0x4  low_level_init.o [5]
  .text              ro code   0x800'2d02     0x4  exit.o [5]
  .text              ro code   0x800'2d08     0xa  cexit.o [6]
  .text              ro code   0x800'2d14    0x14  exit.o [7]
  .text              ro code   0x800'2d28    0x1c  cstartup_M.o [6]
  .text              ro code   0x800'2d44    0x14  system_stm32f1xx.o [3]
  .text              ro code   0x800'2d58    0x10  startup_stm32f103xe.o [1]
  Initializer bytes  const     0x800'2d68    0x10  <for P2-1>
  .rodata            const     0x800'2d78     0x8  system_stm32f1xx.o [3]
  .text              ro code   0x800'2d80     0x4  startup_stm32f103xe.o [1]
  .text              ro code   0x800'2d84     0x4  startup_stm32f103xe.o [1]
  .text              ro code   0x800'2d88     0x4  startup_stm32f103xe.o [1]
  .text              ro code   0x800'2d8c     0x4  startup_stm32f103xe.o [1]
  .text              ro code   0x800'2d90     0x4  startup_stm32f103xe.o [1]
  .text              ro code   0x800'2d94     0x4  startup_stm32f103xe.o [1]
  .text              ro code   0x800'2d98     0x4  startup_stm32f103xe.o [1]
  .text              ro code   0x800'2d9c     0x4  startup_stm32f103xe.o [1]
  .text              ro code   0x800'2da0     0x4  startup_stm32f103xe.o [1]
  .text              ro code   0x800'2da4     0x4  startup_stm32f103xe.o [1]
  .text              ro code   0x800'2da8     0x4  startup_stm32f103xe.o [1]
  .text              ro code   0x800'2dac     0x4  startup_stm32f103xe.o [1]
  .text              ro code   0x800'2db0     0x4  startup_stm32f103xe.o [1]
  .text              ro code   0x800'2db4     0x4  startup_stm32f103xe.o [1]
  .text              ro code   0x800'2db8     0x4  startup_stm32f103xe.o [1]
  .text              ro code   0x800'2dbc     0x4  startup_stm32f103xe.o [1]
  .text              ro code   0x800'2dc0     0x4  startup_stm32f103xe.o [1]
  .text              ro code   0x800'2dc4     0x4  startup_stm32f103xe.o [1]
  .text              ro code   0x800'2dc8     0x4  startup_stm32f103xe.o [1]
  .text              ro code   0x800'2dcc     0x4  startup_stm32f103xe.o [1]
  .text              ro code   0x800'2dd0     0x4  startup_stm32f103xe.o [1]
  .text              ro code   0x800'2dd4     0x4  startup_stm32f103xe.o [1]
  .text              ro code   0x800'2dd8     0x4  startup_stm32f103xe.o [1]
  .text              ro code   0x800'2ddc     0x4  startup_stm32f103xe.o [1]
  .text              ro code   0x800'2de0     0x4  startup_stm32f103xe.o [1]
  .text              ro code   0x800'2de4     0x4  startup_stm32f103xe.o [1]
  .text              ro code   0x800'2de8     0x4  startup_stm32f103xe.o [1]
  .text              ro code   0x800'2dec     0x4  startup_stm32f103xe.o [1]
  .text              ro code   0x800'2df0     0x4  startup_stm32f103xe.o [1]
  .text              ro code   0x800'2df4     0x4  startup_stm32f103xe.o [1]
  .text              ro code   0x800'2df8     0x4  startup_stm32f103xe.o [1]
  .text              ro code   0x800'2dfc     0x4  startup_stm32f103xe.o [1]
  .text              ro code   0x800'2e00     0x4  startup_stm32f103xe.o [1]
  .text              ro code   0x800'2e04     0x4  startup_stm32f103xe.o [1]
  .text              ro code   0x800'2e08     0x4  startup_stm32f103xe.o [1]
  .text              ro code   0x800'2e0c     0x4  startup_stm32f103xe.o [1]
  .text              ro code   0x800'2e10     0x4  startup_stm32f103xe.o [1]
  .text              ro code   0x800'2e14     0x4  startup_stm32f103xe.o [1]
  .text              ro code   0x800'2e18     0x4  startup_stm32f103xe.o [1]
  .text              ro code   0x800'2e1c     0x4  startup_stm32f103xe.o [1]
  .text              ro code   0x800'2e20     0x4  startup_stm32f103xe.o [1]
  .text              ro code   0x800'2e24     0x4  startup_stm32f103xe.o [1]
  .text              ro code   0x800'2e28     0x4  startup_stm32f103xe.o [1]
  .text              ro code   0x800'2e2c     0x4  startup_stm32f103xe.o [1]
  .text              ro code   0x800'2e30     0x4  startup_stm32f103xe.o [1]
  .text              ro code   0x800'2e34     0x4  startup_stm32f103xe.o [1]
  .text              ro code   0x800'2e38     0x4  startup_stm32f103xe.o [1]
  .text              ro code   0x800'2e3c     0x4  startup_stm32f103xe.o [1]
  .text              ro code   0x800'2e40     0x4  startup_stm32f103xe.o [1]
  .text              ro code   0x800'2e44     0x4  startup_stm32f103xe.o [1]
  .rodata            const     0x800'2e48     0x0  zero_init3.o [6]
  .rodata            const     0x800'2e48     0x0  copy_init3.o [6]
                             - 0x800'2e48  0x2d18

"P2", part 1 of 3:                           0x10
  P2-1                        0x2000'0000    0x10  <Init block>
    .data            inited   0x2000'0000     0xc  stm32f1xx_hal.o [4]
    .data            inited   0x2000'000c     0x4  system_stm32f1xx.o [3]
                            - 0x2000'0010    0x10

"P2", part 2 of 3:                          0x25c
  .bss               zero     0x2000'0010    0x54  i2c.o [2]
  .bss               zero     0x2000'0064    0x48  tim.o [2]
  .bss               zero     0x2000'00ac    0x48  usart.o [2]
  .bss               zero     0x2000'00f4    0x48  usart.o [2]
  .bss               zero     0x2000'013c    0x48  usart.o [2]
  .bss               zero     0x2000'0184    0x44  adc.o [2]
  .bss               zero     0x2000'01c8    0x30  adc.o [2]
  .bss               zero     0x2000'01f8    0x28  can.o [2]
  .bss               zero     0x2000'0220    0x1c  stm32f1xx_it.o [2]
  .bss               zero     0x2000'023c     0xc  hw_config.o [2]
  .bss               zero     0x2000'0248     0x4  hw_config.o [2]
  .bss               zero     0x2000'024c     0x4  hw_config.o [2]
  .bss               zero     0x2000'0250     0x4  hw_config.o [2]
  .bss               zero     0x2000'0254     0x4  hw_config.o [2]
  .bss               zero     0x2000'0258     0x4  task.o [2]
  .bss               zero     0x2000'025c     0x4  task.o [2]
  .bss               zero     0x2000'0260     0x2  hw_config.o [2]
  .bss               zero     0x2000'0262     0x2  hw_config.o [2]
  .bss               zero     0x2000'0264     0x2  hw_config.o [2]
  .bss               zero     0x2000'0266     0x2  hw_config.o [2]
  .bss               zero     0x2000'0268     0x1  hw_config.o [2]
  .bss               zero     0x2000'0269     0x1  hw_config.o [2]
                            - 0x2000'026a   0x25a

"P2", part 3 of 3:                          0x400
  CSTACK                      0x2000'0270   0x400  <Block>
    CSTACK           uninit   0x2000'0270   0x400  <Block tail>
                            - 0x2000'0670   0x400

Unused ranges:

         From           To      Size
         ----           --      ----
   0x800'2e48   0x807'ffff  0x7'd1b8
  0x2000'026c  0x2000'026f       0x4
  0x2000'0670  0x2000'ffff    0xf990


*******************************************************************************
*** INIT TABLE
***

          Address      Size
          -------      ----
Zero (__iar_zero_init3)
    1 destination range, total size 0x25a:
          0x2000'0010  0x25a

Copy (__iar_copy_init3)
    1 source range, total size 0x10:
           0x800'2d68   0x10
    1 destination range, total size 0x10:
          0x2000'0000   0x10



*******************************************************************************
*** MODULE SUMMARY
***

    Module                  ro code  ro data  rw data
    ------                  -------  -------  -------
command line/config:
    -------------------------------------------------
    Total:

C:\pjt_not\AS6H_prj\EWARM\AS6H_prj\Obj\Application\EWARM: [1]
    startup_stm32f103xe.o       520
    -------------------------------------------------
    Total:                      520

C:\pjt_not\AS6H_prj\EWARM\AS6H_prj\Obj\Application\User\Core: [2]
    adc.o                       400               116
    can.o                       248                40
    dma.o                        48
    gpio.o                      380
    hw_config.o                                    38
    i2c.o                       176                84
    keyscan.o                   260
    main.o                      200
    stm32f1xx_hal_msp.o          68
    stm32f1xx_it.o              360                28
    task.o                       84                 8
    tim.o                       168                72
    usart.o                     448               216
    -------------------------------------------------
    Total:                    2'840               602

C:\pjt_not\AS6H_prj\EWARM\AS6H_prj\Obj\Drivers\CMSIS: [3]
    system_stm32f1xx.o           20       12        4
    -------------------------------------------------
    Total:                       20       12        4

C:\pjt_not\AS6H_prj\EWARM\AS6H_prj\Obj\Drivers\STM32F1xx_HAL_Driver: [4]
    stm32f1xx_hal.o             128       12       12
    stm32f1xx_hal_adc.o         880
    stm32f1xx_hal_adc_ex.o        2
    stm32f1xx_hal_can.o       1'092
    stm32f1xx_hal_cortex.o      196
    stm32f1xx_hal_dma.o         940
    stm32f1xx_hal_gpio.o        516
    stm32f1xx_hal_i2c.o         340
    stm32f1xx_hal_rcc.o       1'214
    stm32f1xx_hal_rcc_ex.o      232
    stm32f1xx_hal_tim.o         978
    stm32f1xx_hal_tim_ex.o      124
    stm32f1xx_hal_uart.o      1'340
    -------------------------------------------------
    Total:                    7'982       12       12

dl7M_tlf.a: [5]
    exit.o                        4
    low_level_init.o              4
    -------------------------------------------------
    Total:                        8

rt7M_tl.a: [6]
    ABImemclr4.o                  6
    ABImemset.o                 102
    ABImemset48.o                50
    cexit.o                      10
    cmain.o                      30
    copy_init3.o                 42
    cstartup_M.o                 28
    data_init.o                  40
    memset.o                     20
    zero_init3.o                 56
    -------------------------------------------------
    Total:                      384

shb_l.a: [7]
    exit.o                       20
    -------------------------------------------------
    Total:                       20

    Gaps                         14
    Linker created                        36    1'024
-----------------------------------------------------
    Grand Total:             11'788       60    1'642


*******************************************************************************
*** ENTRY LIST
***

Entry                       Address   Size  Type      Object
-----                       -------   ----  ----      ------
.iar.init_table$$Base    0x800'2cbc          --   Gb  - Linker created -
.iar.init_table$$Limit   0x800'2ce0          --   Gb  - Linker created -
?main                    0x800'2ce1         Code  Gb  cmain.o [6]
ADC1_2_IRQHandler        0x800'2aff    0x6  Code  Gb  stm32f1xx_it.o [2]
ADC_ConversionStop_Disable
                         0x800'2439   0x48  Code  Gb  stm32f1xx_hal_adc.o [4]
AHBPrescTable            0x800'2d48   0x10  Data  Gb  system_stm32f1xx.o [3]
APBPrescTable            0x800'2d78    0x8  Data  Gb  system_stm32f1xx.o [3]
BusFault_Handler         0x800'2aeb    0x2  Code  Gb  stm32f1xx_it.o [2]
CAN1_RX1_IRQHandler      0x800'2b75    0x2  Code  Gb  stm32f1xx_it.o [2]
CAN1_SCE_IRQHandler      0x800'2b7d    0x2  Code  Gb  stm32f1xx_it.o [2]
CAN_RcvCount            0x2000'0250    0x4  Data  Gb  hw_config.o [2]
CAN_RxData              0x2000'0258    0x4  Data  Gb  task.o [2]
CSTACK$$Base            0x2000'0270          --   Gb  - Linker created -
CSTACK$$Limit           0x2000'0670          --   Gb  - Linker created -
DMA1_Channel1_IRQHandler
                         0x800'2af9    0x6  Code  Gb  stm32f1xx_it.o [2]
DebugMon_Handler         0x800'2af1    0x2  Code  Gb  stm32f1xx_it.o [2]
Error_Handler            0x800'1185    0x4  Code  Gb  main.o [2]
Event_500ms              0x800'1e53   0x22  Code  Gb  task.o [2]
HAL_ADCEx_InjectedConvCpltCallback
                         0x800'2ac5    0x2  Code  Wk  stm32f1xx_hal_adc_ex.o [4]
HAL_ADC_ConfigChannel    0x800'231f   0xe6  Code  Gb  stm32f1xx_hal_adc.o [4]
HAL_ADC_IRQHandler       0x800'2239   0xda  Code  Gb  stm32f1xx_hal_adc.o [4]
HAL_ADC_Init             0x800'211d  0x110  Code  Gb  stm32f1xx_hal_adc.o [4]
HAL_ADC_MspInit          0x800'173d   0xb8  Code  Gb  adc.o [2]
HAL_CAN_GetRxMessage     0x800'25b3   0xfc  Code  Gb  stm32f1xx_hal_can.o [4]
HAL_CAN_IRQHandler       0x800'26b9  0x1fa  Code  Gb  stm32f1xx_hal_can.o [4]
HAL_CAN_Init             0x800'2489   0xe6  Code  Gb  stm32f1xx_hal_can.o [4]
HAL_CAN_MspInit          0x800'184b   0xae  Code  Gb  can.o [2]
HAL_DMA_Abort            0x800'08a9   0x4a  Code  Gb  stm32f1xx_hal_dma.o [4]
HAL_DMA_Abort_IT         0x800'08f3   0xdc  Code  Gb  stm32f1xx_hal_dma.o [4]
HAL_DMA_IRQHandler       0x800'09cf  0x1be  Code  Gb  stm32f1xx_hal_dma.o [4]
HAL_DMA_Init             0x800'0825   0x84  Code  Gb  stm32f1xx_hal_dma.o [4]
HAL_GPIO_Init            0x800'119d  0x1b0  Code  Gb  stm32f1xx_hal_gpio.o [4]
HAL_GPIO_TogglePin       0x800'1355   0x10  Code  Gb  stm32f1xx_hal_gpio.o [4]
HAL_GPIO_WritePin        0x800'134d    0x8  Code  Gb  stm32f1xx_hal_gpio.o [4]
HAL_GetTick              0x800'1465    0xc  Code  Wk  stm32f1xx_hal.o [4]
HAL_I2C_Init             0x800'28b5  0x12e  Code  Gb  stm32f1xx_hal_i2c.o [4]
HAL_I2C_MspInit          0x800'1939   0x66  Code  Gb  i2c.o [2]
HAL_IncTick              0x800'2c4d   0x10  Code  Wk  stm32f1xx_hal.o [4]
HAL_Init                 0x800'14b1   0x20  Code  Gb  stm32f1xx_hal.o [4]
HAL_InitTick             0x800'1471   0x40  Code  Wk  stm32f1xx_hal.o [4]
HAL_MspInit              0x800'20d9   0x44  Code  Gb  stm32f1xx_hal_msp.o [2]
HAL_NVIC_EnableIRQ       0x800'140f   0x16  Code  Gb  stm32f1xx_hal_cortex.o [4]
HAL_NVIC_SetPriority     0x800'13d5   0x3a  Code  Gb  stm32f1xx_hal_cortex.o [4]
HAL_NVIC_SetPriorityGrouping
                         0x800'13bb   0x1a  Code  Gb  stm32f1xx_hal_cortex.o [4]
HAL_RCCEx_PeriphCLKConfig
                         0x800'1f89   0xda  Code  Gb  stm32f1xx_hal_rcc_ex.o [4]
HAL_RCC_ClockConfig      0x800'0eed   0xf4  Code  Gb  stm32f1xx_hal_rcc.o [4]
HAL_RCC_GetPCLK1Freq     0x800'102f   0x10  Code  Gb  stm32f1xx_hal_rcc.o [4]
HAL_RCC_GetPCLK2Freq     0x800'103f    0xe  Code  Gb  stm32f1xx_hal_rcc.o [4]
HAL_RCC_GetSysClockFreq
                         0x800'0ff5   0x3a  Code  Gb  stm32f1xx_hal_rcc.o [4]
HAL_RCC_GetSysClockFreq::aPLLMULFactorTable
                         0x800'1084   0x10  Data  Lc  stm32f1xx_hal_rcc.o [4]
HAL_RCC_GetSysClockFreq::aPredivFactorTable
                         0x800'1094    0x2  Data  Lc  stm32f1xx_hal_rcc.o [4]
HAL_RCC_OscConfig        0x800'0bd9  0x30c  Code  Gb  stm32f1xx_hal_rcc.o [4]
HAL_SYSTICK_Config       0x800'1425   0x28  Code  Gb  stm32f1xx_hal_cortex.o [4]
HAL_TIMEx_BreakCallback
                         0x800'2a87    0x2  Code  Wk  stm32f1xx_hal_tim_ex.o [4]
HAL_TIMEx_CommutCallback
                         0x800'2a8b    0x2  Code  Wk  stm32f1xx_hal_tim_ex.o [4]
HAL_TIMEx_MasterConfigSynchronization
                         0x800'2a09   0x62  Code  Gb  stm32f1xx_hal_tim_ex.o [4]
HAL_TIM_Base_Init        0x800'1a61   0x1a  Code  Gb  stm32f1xx_hal_tim.o [4]
HAL_TIM_Base_MspInit     0x800'1a21   0x34  Code  Gb  tim.o [2]
HAL_TIM_Base_Start_IT    0x800'1a7b   0x66  Code  Gb  stm32f1xx_hal_tim.o [4]
HAL_TIM_ConfigClockSource
                         0x800'1c6d   0xaa  Code  Gb  stm32f1xx_hal_tim.o [4]
HAL_TIM_IRQHandler       0x800'1b25  0x142  Code  Gb  stm32f1xx_hal_tim.o [4]
HAL_UART_IRQHandler      0x800'01cb  0x28e  Code  Gb  stm32f1xx_hal_uart.o [4]
HAL_UART_Init            0x800'0131   0x1e  Code  Gb  stm32f1xx_hal_uart.o [4]
HAL_UART_MspInit         0x800'06b9  0x120  Code  Gb  usart.o [2]
HardFault_Handler        0x800'2ae7    0x2  Code  Gb  stm32f1xx_it.o [2]
Key_IdentChk             0x800'1f51   0x18  Code  Gb  keyscan.o [2]
LKEY_Check               0x800'1e7d   0x7e  Code  Gb  keyscan.o [2]
Lkey_Action              0x800'1efb   0x56  Code  Gb  keyscan.o [2]
Local_Key               0x2000'023c    0xc  Data  Gb  hw_config.o [2]
MX_ADC1_Init             0x800'1681   0xb2  Code  Gb  adc.o [2]
MX_CAN_Init              0x800'1811   0x3a  Code  Gb  can.o [2]
MX_DMA_Init              0x800'1651   0x30  Code  Gb  dma.o [2]
MX_GPIO_Init             0x800'14d5  0x134  Code  Gb  gpio.o [2]
MX_I2C1_Init             0x800'1909   0x30  Code  Gb  i2c.o [2]
MX_TIM3_Init             0x800'19b9   0x68  Code  Gb  tim.o [2]
MX_USART1_UART_Init      0x800'0665   0x10  Code  Gb  usart.o [2]
MX_USART2_UART_Init      0x800'0675   0x10  Code  Gb  usart.o [2]
MX_USART3_UART_Init      0x800'06a9   0x10  Code  Gb  usart.o [2]
MemManage_Handler        0x800'2ae9    0x2  Code  Gb  stm32f1xx_it.o [2]
NMI_Handler              0x800'2ae5    0x2  Code  Gb  stm32f1xx_it.o [2]
PendSV_Handler           0x800'2af3    0x2  Code  Gb  stm32f1xx_it.o [2]
RK_PermitTime           0x2000'0264    0x2  Data  Gb  hw_config.o [2]
Received_canDLC         0x2000'0269    0x1  Data  Gb  hw_config.o [2]
Received_canID          0x2000'0254    0x4  Data  Gb  hw_config.o [2]
Received_canIDType      0x2000'0268    0x1  Data  Gb  hw_config.o [2]
Region$$Table$$Base      0x800'2cbc          --   Gb  - Linker created -
Region$$Table$$Limit     0x800'2ce0          --   Gb  - Linker created -
SVC_Handler              0x800'2aef    0x2  Code  Gb  stm32f1xx_it.o [2]
SysTick_Handler          0x800'2af5    0x4  Code  Gb  stm32f1xx_it.o [2]
SystemClock_Config       0x800'1105   0x80  Code  Gb  main.o [2]
SystemCoreClock         0x2000'000c    0x4  Data  Gb  system_stm32f1xx.o [3]
SystemInit               0x800'2d45    0x2  Code  Gb  system_stm32f1xx.o [3]
TIM3_IRQHandler          0x800'2b7f   0x78  Code  Gb  stm32f1xx_it.o [2]
TIM_Base_SetConfig       0x800'1d31   0x74  Code  Gb  stm32f1xx_hal_tim.o [4]
TIM_ETR_SetConfig        0x800'1e0f   0x14  Code  Gb  stm32f1xx_hal_tim.o [4]
TIM_ITRx_SetConfig       0x800'1dff   0x10  Code  Lc  stm32f1xx_hal_tim.o [4]
TIM_TI1_ConfigInputStage
                         0x800'1dbd   0x1e  Code  Lc  stm32f1xx_hal_tim.o [4]
TIM_TI2_ConfigInputStage
                         0x800'1ddb   0x24  Code  Lc  stm32f1xx_hal_tim.o [4]
Timer_Event              0x800'1e29   0x2a  Code  Gb  task.o [2]
UART_DMAAbortOnError     0x800'0501    0xe  Code  Lc  stm32f1xx_hal_uart.o [4]
UART_EndRxTransfer       0x800'04c9   0x36  Code  Lc  stm32f1xx_hal_uart.o [4]
UART_Receive_IT          0x800'0511   0xb4  Code  Lc  stm32f1xx_hal_uart.o [4]
UART_SetConfig           0x800'05e1   0x78  Code  Lc  stm32f1xx_hal_uart.o [4]
USART1_IRQHandler        0x800'2bf7    0x6  Code  Gb  stm32f1xx_it.o [2]
USART2_IRQHandler        0x800'2bfd    0x6  Code  Gb  stm32f1xx_it.o [2]
USART3_IRQHandler        0x800'2c03    0x6  Code  Gb  stm32f1xx_it.o [2]
USB_HP_CAN1_TX_IRQHandler
                         0x800'2b05    0x2  Code  Gb  stm32f1xx_it.o [2]
USB_LP_CAN1_RX0_IRQHandler
                         0x800'2b07   0x6c  Code  Gb  stm32f1xx_it.o [2]
UsageFault_Handler       0x800'2aed    0x2  Code  Gb  stm32f1xx_it.o [2]
User_Interface           0x800'1f69    0x2  Code  Gb  keyscan.o [2]
__NVIC_SetPriority       0x800'13a1   0x1a  Code  Lc  stm32f1xx_hal_cortex.o [4]
__aeabi_memclr4          0x800'1f81         Code  Gb  ABImemclr4.o [6]
__aeabi_memset           0x800'2071         Code  Gb  ABImemset.o [6]
__cmain                  0x800'2ce1         Code  Gb  cmain.o [6]
__exit                   0x800'2d15   0x14  Code  Gb  exit.o [7]
__iar_Memset             0x800'2071         Code  Gb  ABImemset.o [6]
__iar_Memset4_word       0x800'2a91         Code  Gb  ABImemset48.o [6]
__iar_Memset8_word       0x800'2a91         Code  Gb  ABImemset48.o [6]
__iar_Memset_word        0x800'2079         Code  Gb  ABImemset.o [6]
__iar_copy_init3         0x800'1097   0x2a  Code  Gb  copy_init3.o [6]
__iar_data_init3         0x800'2c95   0x28  Code  Gb  data_init.o [6]
__iar_program_start      0x800'2d29         Code  Gb  cstartup_M.o [6]
__iar_zero_init3         0x800'2c5d   0x38  Code  Gb  zero_init3.o [6]
__low_level_init         0x800'2cff    0x4  Code  Gb  low_level_init.o [5]
__vector_table           0x800'0000         Data  Gb  startup_stm32f103xe.o [1]
_call_main               0x800'2ced         Code  Gb  cmain.o [6]
_exit                    0x800'2d09         Code  Gb  cexit.o [6]
canDTIntime             0x2000'0266    0x2  Data  Gb  hw_config.o [2]
exit                     0x800'2d03    0x4  Code  Gb  exit.o [5]
hadc1                   0x2000'01c8   0x30  Data  Gb  adc.o [2]
hcan                    0x2000'01f8   0x28  Data  Gb  can.o [2]
hdma_adc1               0x2000'0184   0x44  Data  Gb  adc.o [2]
hi2c1                   0x2000'0010   0x54  Data  Gb  i2c.o [2]
htim3                   0x2000'0064   0x48  Data  Gb  tim.o [2]
huart1                  0x2000'00ac   0x48  Data  Gb  usart.o [2]
huart2                  0x2000'00f4   0x48  Data  Gb  usart.o [2]
huart3                  0x2000'013c   0x48  Data  Gb  usart.o [2]
main                     0x800'10c1   0x3e  Code  Gb  main.o [2]
memset                   0x800'1189   0x14  Code  Gb  memset.o [6]
ms_cnt                  0x2000'025c    0x4  Data  Gb  task.o [2]
rxHeader                0x2000'0220   0x1c  Data  Gb  stm32f1xx_it.o [2]
u2SysStatusF            0x2000'0248    0x4  Data  Gb  hw_config.o [2]
uCommStatusFlag         0x2000'0262    0x2  Data  Gb  hw_config.o [2]
uKeyStatusFlag          0x2000'024c    0x4  Data  Gb  hw_config.o [2]
uTimerFlag              0x2000'0260    0x2  Data  Gb  hw_config.o [2]
uwTick                  0x2000'0004    0x4  Data  Gb  stm32f1xx_hal.o [4]
uwTickFreq              0x2000'0000    0x1  Data  Gb  stm32f1xx_hal.o [4]
uwTickPrio              0x2000'0008    0x4  Data  Gb  stm32f1xx_hal.o [4]


[1] = C:\pjt_not\AS6H_prj\EWARM\AS6H_prj\Obj\Application\EWARM
[2] = C:\pjt_not\AS6H_prj\EWARM\AS6H_prj\Obj\Application\User\Core
[3] = C:\pjt_not\AS6H_prj\EWARM\AS6H_prj\Obj\Drivers\CMSIS
[4] = C:\pjt_not\AS6H_prj\EWARM\AS6H_prj\Obj\Drivers\STM32F1xx_HAL_Driver
[5] = dl7M_tlf.a
[6] = rt7M_tl.a
[7] = shb_l.a

  11'788 bytes of readonly  code memory
      60 bytes of readonly  data memory
   1'642 bytes of readwrite data memory

Errors: none
Warnings: none
